../Core/Src/main.c:99:5:main	8	static
../Core/Src/main.c:157:6:SystemClock_Config	120	static
../Core/Src/main.c:221:13:MX_DCACHE1_Init	8	static
../Core/Src/main.c:248:13:MX_FLASH_Init	8	static
../Core/Src/main.c:277:13:MX_I2C1_Init	8	static
../Core/Src/main.c:325:13:MX_I2C2_Init	8	static
../Core/Src/main.c:373:13:MX_I2S1_Init	8	static
../Core/Src/main.c:409:13:MX_ICACHE_Init	8	static
../Core/Src/main.c:437:13:MX_IWDG_Init	8	static
../Core/Src/main.c:467:13:MX_SDMMC1_MMC_Init	8	static
../Core/Src/main.c:498:13:MX_SPI2_Init	8	static
../Core/Src/main.c:546:13:MX_SPI3_Init	8	static
../Core/Src/main.c:594:13:MX_UART4_Init	8	static
../Core/Src/main.c:642:13:MX_USART3_UART_Init	8	static
../Core/Src/main.c:690:13:MX_USB_HCD_Init	8	static
../Core/Src/main.c:725:13:MX_WWDG_Init	8	static
../Core/Src/main.c:755:13:MX_GPIO_Init	56	static
../Core/Src/main.c:811:6:Error_Handler	4	static,ignoring_inline_asm
