Archive member included to satisfy reference by file (symbol)

C:/ST/STM32CubeIDE_1.16.1/STM32CubeIDE/plugins/com.st.stm32cube.ide.mcu.externaltools.gnu-tools-for-stm32.12.3.rel1.win32_1.0.200.202406191623/tools/bin/../lib/gcc/arm-none-eabi/12.3.1/../../../../arm-none-eabi/lib/thumb/v8-m.main+fp/hard\libc_nano.a(libc_a-exit.o)
                              C:/ST/STM32CubeIDE_1.16.1/STM32CubeIDE/plugins/com.st.stm32cube.ide.mcu.externaltools.gnu-tools-for-stm32.12.3.rel1.win32_1.0.200.202406191623/tools/bin/../lib/gcc/arm-none-eabi/12.3.1/../../../../arm-none-eabi/lib/thumb/v8-m.main+fp/hard/crt0.o (exit)
C:/ST/STM32CubeIDE_1.16.1/STM32CubeIDE/plugins/com.st.stm32cube.ide.mcu.externaltools.gnu-tools-for-stm32.12.3.rel1.win32_1.0.200.202406191623/tools/bin/../lib/gcc/arm-none-eabi/12.3.1/../../../../arm-none-eabi/lib/thumb/v8-m.main+fp/hard\libc_nano.a(libc_a-findfp.o)
                              C:/ST/STM32CubeIDE_1.16.1/STM32CubeIDE/plugins/com.st.stm32cube.ide.mcu.externaltools.gnu-tools-for-stm32.12.3.rel1.win32_1.0.200.202406191623/tools/bin/../lib/gcc/arm-none-eabi/12.3.1/../../../../arm-none-eabi/lib/thumb/v8-m.main+fp/hard\libc_nano.a(libc_a-exit.o) (__stdio_exit_handler)
C:/ST/STM32CubeIDE_1.16.1/STM32CubeIDE/plugins/com.st.stm32cube.ide.mcu.externaltools.gnu-tools-for-stm32.12.3.rel1.win32_1.0.200.202406191623/tools/bin/../lib/gcc/arm-none-eabi/12.3.1/../../../../arm-none-eabi/lib/thumb/v8-m.main+fp/hard\libc_nano.a(libc_a-fwalk.o)
                              C:/ST/STM32CubeIDE_1.16.1/STM32CubeIDE/plugins/com.st.stm32cube.ide.mcu.externaltools.gnu-tools-for-stm32.12.3.rel1.win32_1.0.200.202406191623/tools/bin/../lib/gcc/arm-none-eabi/12.3.1/../../../../arm-none-eabi/lib/thumb/v8-m.main+fp/hard\libc_nano.a(libc_a-findfp.o) (_fwalk_sglue)
C:/ST/STM32CubeIDE_1.16.1/STM32CubeIDE/plugins/com.st.stm32cube.ide.mcu.externaltools.gnu-tools-for-stm32.12.3.rel1.win32_1.0.200.202406191623/tools/bin/../lib/gcc/arm-none-eabi/12.3.1/../../../../arm-none-eabi/lib/thumb/v8-m.main+fp/hard\libc_nano.a(libc_a-stdio.o)
                              C:/ST/STM32CubeIDE_1.16.1/STM32CubeIDE/plugins/com.st.stm32cube.ide.mcu.externaltools.gnu-tools-for-stm32.12.3.rel1.win32_1.0.200.202406191623/tools/bin/../lib/gcc/arm-none-eabi/12.3.1/../../../../arm-none-eabi/lib/thumb/v8-m.main+fp/hard\libc_nano.a(libc_a-findfp.o) (__sread)
C:/ST/STM32CubeIDE_1.16.1/STM32CubeIDE/plugins/com.st.stm32cube.ide.mcu.externaltools.gnu-tools-for-stm32.12.3.rel1.win32_1.0.200.202406191623/tools/bin/../lib/gcc/arm-none-eabi/12.3.1/../../../../arm-none-eabi/lib/thumb/v8-m.main+fp/hard\libc_nano.a(libc_a-memset.o)
                              C:/ST/STM32CubeIDE_1.16.1/STM32CubeIDE/plugins/com.st.stm32cube.ide.mcu.externaltools.gnu-tools-for-stm32.12.3.rel1.win32_1.0.200.202406191623/tools/bin/../lib/gcc/arm-none-eabi/12.3.1/../../../../arm-none-eabi/lib/thumb/v8-m.main+fp/hard/crt0.o (memset)
C:/ST/STM32CubeIDE_1.16.1/STM32CubeIDE/plugins/com.st.stm32cube.ide.mcu.externaltools.gnu-tools-for-stm32.12.3.rel1.win32_1.0.200.202406191623/tools/bin/../lib/gcc/arm-none-eabi/12.3.1/../../../../arm-none-eabi/lib/thumb/v8-m.main+fp/hard\libc_nano.a(libc_a-closer.o)
                              C:/ST/STM32CubeIDE_1.16.1/STM32CubeIDE/plugins/com.st.stm32cube.ide.mcu.externaltools.gnu-tools-for-stm32.12.3.rel1.win32_1.0.200.202406191623/tools/bin/../lib/gcc/arm-none-eabi/12.3.1/../../../../arm-none-eabi/lib/thumb/v8-m.main+fp/hard\libc_nano.a(libc_a-stdio.o) (_close_r)
C:/ST/STM32CubeIDE_1.16.1/STM32CubeIDE/plugins/com.st.stm32cube.ide.mcu.externaltools.gnu-tools-for-stm32.12.3.rel1.win32_1.0.200.202406191623/tools/bin/../lib/gcc/arm-none-eabi/12.3.1/../../../../arm-none-eabi/lib/thumb/v8-m.main+fp/hard\libc_nano.a(libc_a-reent.o)
                              C:/ST/STM32CubeIDE_1.16.1/STM32CubeIDE/plugins/com.st.stm32cube.ide.mcu.externaltools.gnu-tools-for-stm32.12.3.rel1.win32_1.0.200.202406191623/tools/bin/../lib/gcc/arm-none-eabi/12.3.1/../../../../arm-none-eabi/lib/thumb/v8-m.main+fp/hard\libc_nano.a(libc_a-closer.o) (errno)
C:/ST/STM32CubeIDE_1.16.1/STM32CubeIDE/plugins/com.st.stm32cube.ide.mcu.externaltools.gnu-tools-for-stm32.12.3.rel1.win32_1.0.200.202406191623/tools/bin/../lib/gcc/arm-none-eabi/12.3.1/../../../../arm-none-eabi/lib/thumb/v8-m.main+fp/hard\libc_nano.a(libc_a-impure.o)
                              C:/ST/STM32CubeIDE_1.16.1/STM32CubeIDE/plugins/com.st.stm32cube.ide.mcu.externaltools.gnu-tools-for-stm32.12.3.rel1.win32_1.0.200.202406191623/tools/bin/../lib/gcc/arm-none-eabi/12.3.1/../../../../arm-none-eabi/lib/thumb/v8-m.main+fp/hard\libc_nano.a(libc_a-reent.o) (_impure_ptr)
C:/ST/STM32CubeIDE_1.16.1/STM32CubeIDE/plugins/com.st.stm32cube.ide.mcu.externaltools.gnu-tools-for-stm32.12.3.rel1.win32_1.0.200.202406191623/tools/bin/../lib/gcc/arm-none-eabi/12.3.1/../../../../arm-none-eabi/lib/thumb/v8-m.main+fp/hard\libc_nano.a(libc_a-lseekr.o)
[...]
Memory Configuration

Name             Origin             Length             Attributes
RAM              0x20000000         0x00044000         xrw
FLASH            0x08000000         0x00080000         xr
*default*        0x00000000         0xffffffff

Linker script and memory map

LOAD C:/ST/STM32CubeIDE_1.16.1/STM32CubeIDE/plugins/com.st.stm32cube.ide.mcu.externaltools.gnu-tools-for-stm32.12.3.rel1.win32_1.0.200.202406191623/tools/bin/../lib/gcc/arm-none-eabi/12.3.1/thumb/v8-m.main+fp/hard/crti.o
LOAD C:/ST/STM32CubeIDE_1.16.1/STM32CubeIDE/plugins/com.st.stm32cube.ide.mcu.externaltools.gnu-tools-for-stm32.12.3.rel1.win32_1.0.200.202406191623/tools/bin/../lib/gcc/arm-none-eabi/12.3.1/thumb/v8-m.main+fp/hard/crtbegin.o
LOAD C:/ST/STM32CubeIDE_1.16.1/STM32CubeIDE/plugins/com.st.stm32cube.ide.mcu.externaltools.gnu-tools-for-stm32.12.3.rel1.win32_1.0.200.202406191623/tools/bin/../lib/gcc/arm-none-eabi/12.3.1/../../../../arm-none-eabi/lib/thumb/v8-m.main+fp/hard/crt0.o
LOAD ./Core/Src/main.o
LOAD ./Core/Src/stm32h5xx_hal_msp.o
LOAD ./Core/Src/stm32h5xx_it.o
LOAD ./Core/Src/syscalls.o
LOAD ./Core/Src/sysmem.o
LOAD ./Core/Src/system_stm32h5xx.o
LOAD ./Core/Startup/startup_stm32h533vetx.o
LOAD ./Drivers/STM32H5xx_HAL_Driver/Src/stm32h5xx_hal.o
LOAD ./Drivers/STM32H5xx_HAL_Driver/Src/stm32h5xx_hal_cortex.o
LOAD ./Drivers/STM32H5xx_HAL_Driver/Src/stm32h5xx_hal_dcache.o
LOAD ./Drivers/STM32H5xx_HAL_Driver/Src/stm32h5xx_hal_dma.o
LOAD ./Drivers/STM32H5xx_HAL_Driver/Src/stm32h5xx_hal_dma_ex.o
LOAD ./Drivers/STM32H5xx_HAL_Driver/Src/stm32h5xx_hal_exti.o
LOAD ./Drivers/STM32H5xx_HAL_Driver/Src/stm32h5xx_hal_flash.o
LOAD ./Drivers/STM32H5xx_HAL_Driver/Src/stm32h5xx_hal_flash_ex.o
LOAD ./Drivers/STM32H5xx_HAL_Driver/Src/stm32h5xx_hal_gpio.o
LOAD ./Drivers/STM32H5xx_HAL_Driver/Src/stm32h5xx_hal_hcd.o
LOAD ./Drivers/STM32H5xx_HAL_Driver/Src/stm32h5xx_hal_i2c.o
LOAD ./Drivers/STM32H5xx_HAL_Driver/Src/stm32h5xx_hal_i2c_ex.o
LOAD ./Drivers/STM32H5xx_HAL_Driver/Src/stm32h5xx_hal_i2s.o
LOAD ./Drivers/STM32H5xx_HAL_Driver/Src/stm32h5xx_hal_i2s_ex.o
LOAD ./Drivers/STM32H5xx_HAL_Driver/Src/stm32h5xx_hal_icache.o
LOAD ./Drivers/STM32H5xx_HAL_Driver/Src/stm32h5xx_hal_iwdg.o
LOAD ./Drivers/STM32H5xx_HAL_Driver/Src/stm32h5xx_hal_mmc.o
LOAD ./Drivers/STM32H5xx_HAL_Driver/Src/stm32h5xx_hal_mmc_ex.o
LOAD ./Drivers/STM32H5xx_HAL_Driver/Src/stm32h5xx_hal_pwr.o
LOAD ./Drivers/STM32H5xx_HAL_Driver/Src/stm32h5xx_hal_pwr_ex.o
LOAD ./Drivers/STM32H5xx_HAL_Driver/Src/stm32h5xx_hal_rcc.o
LOAD ./Drivers/STM32H5xx_HAL_Driver/Src/stm32h5xx_hal_rcc_ex.o
LOAD ./Drivers/STM32H5xx_HAL_Driver/Src/stm32h5xx_hal_spi.o
LOAD ./Drivers/STM32H5xx_HAL_Driver/Src/stm32h5xx_hal_spi_ex.o
LOAD ./Drivers/STM32H5xx_HAL_Driver/Src/stm32h5xx_hal_tim.o
LOAD ./Drivers/STM32H5xx_HAL_Driver/Src/stm32h5xx_hal_tim_ex.o
LOAD ./Drivers/STM32H5xx_HAL_Driver/Src/stm32h5xx_hal_uart.o
LOAD ./Drivers/STM32H5xx_HAL_Driver/Src/stm32h5xx_hal_uart_ex.o
LOAD ./Drivers/STM32H5xx_HAL_Driver/Src/stm32h5xx_hal_wwdg.o
LOAD ./Drivers/STM32H5xx_HAL_Driver/Src/stm32h5xx_ll_dlyb.o
LOAD ./Drivers/STM32H5xx_HAL_Driver/Src/stm32h5xx_ll_sdmmc.o
LOAD ./Drivers/STM32H5xx_HAL_Driver/Src/stm32h5xx_ll_usb.o
START GROUP
LOAD C:/ST/STM32CubeIDE_1.16.1/STM32CubeIDE/plugins/com.st.stm32cube.ide.mcu.externaltools.gnu-tools-for-stm32.12.3.rel1.win32_1.0.200.202406191623/tools/bin/../lib/gcc/arm-none-eabi/12.3.1/../../../../arm-none-eabi/lib/thumb/v8-m.main+fp/hard\libc_nano.a
LOAD C:/ST/STM32CubeIDE_1.16.1/STM32CubeIDE/plugins/com.st.stm32cube.ide.mcu.externaltools.gnu-tools-for-stm32.12.3.rel1.win32_1.0.200.202406191623/tools/bin/../lib/gcc/arm-none-eabi/12.3.1/../../../../arm-none-eabi/lib/thumb/v8-m.main+fp/hard\libm.a
END GROUP
START GROUP
LOAD C:/ST/STM32CubeIDE_1.16.1/STM32CubeIDE/plugins/com.st.stm32cube.ide.mcu.externaltools.gnu-tools-for-stm32.12.3.rel1.win32_1.0.200.202406191623/tools/bin/../lib/gcc/arm-none-eabi/12.3.1/thumb/v8-m.main+fp/hard\libgcc.a
LOAD C:/ST/STM32CubeIDE_1.16.1/STM32CubeIDE/plugins/com.st.stm32cube.ide.mcu.externaltools.gnu-tools-for-stm32.12.3.rel1.win32_1.0.200.202406191623/tools/bin/../lib/gcc/arm-none-eabi/12.3.1/../../../../arm-none-eabi/lib/thumb/v8-m.main+fp/hard\libc_nano.a
END GROUP
START GROUP
LOAD C:/ST/STM32CubeIDE_1.16.1/STM32CubeIDE/plugins/com.st.stm32cube.ide.mcu.externaltools.gnu-tools-for-stm32.12.3.rel1.win32_1.0.200.202406191623/tools/bin/../lib/gcc/arm-none-eabi/12.3.1/thumb/v8-m.main+fp/hard\libgcc.a
LOAD C:/ST/STM32CubeIDE_1.16.1/STM32CubeIDE/plugins/com.st.stm32cube.ide.mcu.externaltools.gnu-tools-for-stm32.12.3.rel1.win32_1.0.200.202406191623/tools/bin/../lib/gcc/arm-none-eabi/12.3.1/../../../../arm-none-eabi/lib/thumb/v8-m.main+fp/hard\libc_nano.a
LOAD C:/ST/STM32CubeIDE_1.16.1/STM32CubeIDE/plugins/com.st.stm32cube.ide.mcu.externaltools.gnu-tools-for-stm32.12.3.rel1.win32_1.0.200.202406191623/tools/bin/../lib/gcc/arm-none-eabi/12.3.1/../../../../arm-none-eabi/lib/thumb/v8-m.main+fp/hard\libnosys.a
END GROUP
START GROUP
LOAD C:/ST/STM32CubeIDE_1.16.1/STM32CubeIDE/plugins/com.st.stm32cube.ide.mcu.externaltools.gnu-tools-for-stm32.12.3.rel1.win32_1.0.200.202406191623/tools/bin/../lib/gcc/arm-none-eabi/12.3.1/thumb/v8-m.main+fp/hard\libgcc.a
LOAD C:/ST/STM32CubeIDE_1.16.1/STM32CubeIDE/plugins/com.st.stm32cube.ide.mcu.externaltools.gnu-tools-for-stm32.12.3.rel1.win32_1.0.200.202406191623/tools/bin/../lib/gcc/arm-none-eabi/12.3.1/../../../../arm-none-eabi/lib/thumb/v8-m.main+fp/hard\libc_nano.a
LOAD C:/ST/STM32CubeIDE_1.16.1/STM32CubeIDE/plugins/com.st.stm32cube.ide.mcu.externaltools.gnu-tools-for-stm32.12.3.rel1.win32_1.0.200.202406191623/tools/bin/../lib/gcc/arm-none-eabi/12.3.1/../../../../arm-none-eabi/lib/thumb/v8-m.main+fp/hard\libnosys.a
END GROUP
LOAD C:/ST/STM32CubeIDE_1.16.1/STM32CubeIDE/plugins/com.st.stm32cube.ide.mcu.externaltools.gnu-tools-for-stm32.12.3.rel1.win32_1.0.200.202406191623/tools/bin/../lib/gcc/arm-none-eabi/12.3.1/thumb/v8-m.main+fp/hard/crtend.o
LOAD C:/ST/STM32CubeIDE_1.16.1/STM32CubeIDE/plugins/com.st.stm32cube.ide.mcu.externaltools.gnu-tools-for-stm32.12.3.rel1.win32_1.0.200.202406191623/tools/bin/../lib/gcc/arm-none-eabi/12.3.1/thumb/v8-m.main+fp/hard/crtn.o
                0x20044000                        _estack = (ORIGIN (RAM) + LENGTH (RAM))
                0x00000200                        _Min_Heap_Size = 0x200
                0x00000400                        _Min_Stack_Size = 0x400

.isr_vector     0x08000000      0x254
                0x08000000                        . = ALIGN (0x4)
 *(.isr_vector)
 .isr_vector    0x08000000      0x254 ./Core/Startup/startup_stm32h533vetx.o
                0x08000000                g_pfnVectors
                0x08000254                        . = ALIGN (0x4)

.text           0x08000254     0x8e98
                0x08000254                        . = ALIGN (0x4)
 *(.text)
 .text          0x08000254       0x40 C:/ST/STM32CubeIDE_1.16.1/STM32CubeIDE/plugins/com.st.stm32cube.ide.mcu.externaltools.gnu-tools-for-stm32.12.3.rel1.win32_1.0.200.202406191623/tools/bin/../lib/gcc/arm-none-eabi/12.3.1/thumb/v8-m.main+fp/hard/crtbegin.o
 .text          0x08000294       0x30 C:/ST/STM32CubeIDE_1.16.1/STM32CubeIDE/plugins/com.st.stm32cube.ide.mcu.externaltools.gnu-tools-for-stm32.12.3.rel1.win32_1.0.200.202406191623/tools/bin/../lib/gcc/arm-none-eabi/12.3.1/thumb/v8-m.main+fp/hard\libgcc.a(_aeabi_uldivmod.o)
                0x08000294                __aeabi_uldivmod
 .text          0x080002c4      0x2e4 C:/ST/STM32CubeIDE_1.16.1/STM32CubeIDE/plugins/com.st.stm32cube.ide.mcu.externaltools.gnu-tools-for-stm32.12.3.rel1.win32_1.0.200.202406191623/tools/bin/../lib/gcc/arm-none-eabi/12.3.1/thumb/v8-m.main+fp/hard\libgcc.a(_udivmoddi4.o)
                0x080002c4                __udivmoddi4
 .text          0x080005a8        0x4 C:/ST/STM32CubeIDE_1.16.1/STM32CubeIDE/plugins/com.st.stm32cube.ide.mcu.externaltools.gnu-tools-for-stm32.12.3.rel1.win32_1.0.200.202406191623/tools/bin/../lib/gcc/arm-none-eabi/12.3.1/thumb/v8-m.main+fp/hard\libgcc.a(_dvmd_tls.o)
                0x080005a8                __aeabi_idiv0
                0x080005a8                __aeabi_ldiv0
 *(.text*)
 .text.main     0x080005ac       0x4c ./Core/Src/main.o
                0x080005ac                main
 .text.SystemClock_Config
                0x080005f8       0xf8 ./Core/Src/main.o
                0x080005f8                SystemClock_Config
 .text.MX_DCACHE1_Init
                0x080006f0       0x2c ./Core/Src/main.o
 .text.MX_FLASH_Init
                0x0800071c       0x24 ./Core/Src/main.o
 .text.MX_I2C1_Init
                0x08000740       0x80 ./Core/Src/main.o
 .text.MX_I2C2_Init
                0x080007c0       0x80 ./Core/Src/main.o
 .text.MX_I2S1_Init
                0x08000840       0x64 ./Core/Src/main.o
 .text.MX_ICACHE_Init
                0x080008a4       0x16 ./Core/Src/main.o
 *fill*         0x080008ba        0x2 
 .text.MX_IWDG_Init
                0x080008bc       0x44 ./Core/Src/main.o
 .text.MX_SDMMC1_MMC_Init
                0x08000900       0x48 ./Core/Src/main.o
 .text.MX_SPI2_Init
                0x08000948       0xac ./Core/Src/main.o
 .text.MX_SPI3_Init
                0x080009f4       0xac ./Core/Src/main.o
 .text.MX_UART4_Init
                0x08000aa0       0x98 ./Core/Src/main.o
 .text.MX_USART3_UART_Init
                0x08000b38       0x98 ./Core/Src/main.o
 .text.MX_USB_HCD_Init
                0x08000bd0       0x5c ./Core/Src/main.o
 .text.MX_WWDG_Init
                0x08000c2c       0x40 ./Core/Src/main.o
 .text.MX_GPIO_Init
                0x08000c6c      0x154 ./Core/Src/main.o
 .text.Error_Handler
                0x08000dc0        0xc ./Core/Src/main.o
                0x08000dc0                Error_Handler
 .text.HAL_MspInit
                0x08000dcc        0xe ./Core/Src/stm32h5xx_hal_msp.o
                0x08000dcc                HAL_MspInit
 *fill*         0x08000dda        0x2 
 .text.HAL_DCACHE_MspInit
                0x08000ddc       0x44 ./Core/Src/stm32h5xx_hal_msp.o
                0x08000ddc                HAL_DCACHE_MspInit
 .text.HAL_I2C_MspInit
                0x08000e20      0x170 ./Core/Src/stm32h5xx_hal_msp.o
                0x08000e20                HAL_I2C_MspInit
 .text.HAL_I2S_MspInit
                0x08000f90       0xd0 ./Core/Src/stm32h5xx_hal_msp.o
                0x08000f90                HAL_I2S_MspInit
 .text.HAL_MMC_MspInit
                0x08001060      0x170 ./Core/Src/stm32h5xx_hal_msp.o
                0x08001060                HAL_MMC_MspInit
 .text.HAL_SPI_MspInit
                0x080011d0      0x22c ./Core/Src/stm32h5xx_hal_msp.o
                0x080011d0                HAL_SPI_MspInit
 .text.HAL_UART_MspInit
                0x080013fc      0x174 ./Core/Src/stm32h5xx_hal_msp.o
                0x080013fc                HAL_UART_MspInit
 .text.HAL_HCD_MspInit
                0x08001570       0x78 ./Core/Src/stm32h5xx_hal_msp.o
                0x08001570                HAL_HCD_MspInit
 .text.HAL_WWDG_MspInit
                0x080015e8       0x44 ./Core/Src/stm32h5xx_hal_msp.o
                0x080015e8                HAL_WWDG_MspInit
 .text.NMI_Handler
                0x0800162c        0x8 ./Core/Src/stm32h5xx_it.o
                0x0800162c                NMI_Handler
 .text.HardFault_Handler
                0x08001634        0x8 ./Core/Src/stm32h5xx_it.o
                0x08001634                HardFault_Handler
 .text.MemManage_Handler
                0x0800163c        0x8 ./Core/Src/stm32h5xx_it.o
                0x0800163c                MemManage_Handler
 .text.BusFault_Handler
                0x08001644        0x8 ./Core/Src/stm32h5xx_it.o
                0x08001644                BusFault_Handler
 .text.UsageFault_Handler
                0x0800164c        0x8 ./Core/Src/stm32h5xx_it.o
                0x0800164c                UsageFault_Handler
 .text.SVC_Handler
                0x08001654        0xe ./Core/Src/stm32h5xx_it.o
                0x08001654                SVC_Handler
 .text.DebugMon_Handler
                0x08001662        0xe ./Core/Src/stm32h5xx_it.o
                0x08001662                DebugMon_Handler
 .text.PendSV_Handler
                0x08001670        0xe ./Core/Src/stm32h5xx_it.o
                0x08001670                PendSV_Handler
 .text.SysTick_Handler
                0x0800167e        0xc ./Core/Src/stm32h5xx_it.o
                0x0800167e                SysTick_Handler
 *fill*         0x0800168a        0x2 
 .text.SystemInit
                0x0800168c       0xf8 ./Core/Src/system_stm32h5xx.o
                0x0800168c                SystemInit
 .text.Reset_Handler
                0x08001784       0x50 ./Core/Startup/startup_stm32h533vetx.o
                0x08001784                Reset_Handler
 .text.Default_Handler
                0x080017d4        0x2 ./Core/Startup/startup_stm32h533vetx.o
                0x080017d4                EXTI2_IRQHandler
                0x080017d4                TIM8_TRG_COM_IRQHandler
                0x080017d4                TIM8_CC_IRQHandler
                0x080017d4                EXTI5_IRQHandler
                0x080017d4                I3C1_ER_IRQHandler
                0x080017d4                SPI4_IRQHandler
                0x080017d4                GPDMA2_Channel1_IRQHandler
                0x080017d4                FLASH_S_IRQHandler
                0x080017d4                EXTI13_IRQHandler
                0x080017d4                TIM1_CC_IRQHandler
                0x080017d4                GPDMA2_Channel3_IRQHandler
                0x080017d4                TAMP_IRQHandler
                0x080017d4                TIM6_IRQHandler
                0x080017d4                EXTI12_IRQHandler
                0x080017d4                USB_DRD_FS_IRQHandler
                0x080017d4                EXTI3_IRQHandler
                0x080017d4                GPDMA1_Channel5_IRQHandler
                0x080017d4                EXTI8_IRQHandler
                0x080017d4                GPDMA2_Channel5_IRQHandler
                0x080017d4                LPTIM2_IRQHandler
                0x080017d4                I2C3_ER_IRQHandler
                0x080017d4                GPDMA2_Channel2_IRQHandler
                0x080017d4                EXTI0_IRQHandler
                0x080017d4                I2C2_EV_IRQHandler
                0x080017d4                FPU_IRQHandler
                0x080017d4                GPDMA1_Channel3_IRQHandler
                0x080017d4                GPDMA1_Channel7_IRQHandler
                0x080017d4                FDCAN1_IT1_IRQHandler
                0x080017d4                RAMCFG_IRQHandler
                0x080017d4                DCACHE1_IRQHandler
                0x080017d4                SPI1_IRQHandler
                0x080017d4                OCTOSPI1_IRQHandler
                0x080017d4                GPDMA1_Channel2_IRQHandler
                0x080017d4                TIM8_UP_IRQHandler
                0x080017d4                RCC_S_IRQHandler
                0x080017d4                ADC1_IRQHandler
                0x080017d4                PKA_IRQHandler
                0x080017d4                USART6_IRQHandler
                0x080017d4                I3C2_ER_IRQHandler
                0x080017d4                EXTI15_IRQHandler
                0x080017d4                USART3_IRQHandler
                0x080017d4                RTC_IRQHandler
                0x080017d4                EXTI9_IRQHandler
                0x080017d4                UART5_IRQHandler
                0x080017d4                TIM4_IRQHandler
                0x080017d4                I3C2_EV_IRQHandler
                0x080017d4                I2C1_EV_IRQHandler
                0x080017d4                GPDMA1_Channel1_IRQHandler
                0x080017d4                UART4_IRQHandler
                0x080017d4                SecureFault_Handler
                0x080017d4                TIM3_IRQHandler
                0x080017d4                RCC_IRQHandler
                0x080017d4                TIM1_TRG_COM_IRQHandler
                0x080017d4                Default_Handler
                0x080017d4                CEC_IRQHandler
                0x080017d4                OTFDEC1_IRQHandler
                0x080017d4                GPDMA2_Channel4_IRQHandler
                0x080017d4                TIM12_IRQHandler
                0x080017d4                TIM7_IRQHandler
                0x080017d4                SDMMC1_IRQHandler
                0x080017d4                SAES_IRQHandler
                0x080017d4                TIM5_IRQHandler
                0x080017d4                UCPD1_IRQHandler
                0x080017d4                GPDMA1_Channel0_IRQHandler
                0x080017d4                I3C1_EV_IRQHandler
                0x080017d4                TIM15_IRQHandler
                0x080017d4                PVD_AVD_IRQHandler
                0x080017d4                I2C3_EV_IRQHandler
                0x080017d4                ADC2_IRQHandler
                0x080017d4                SPI2_IRQHandler
                0x080017d4                EXTI14_IRQHandler
                0x080017d4                EXTI11_IRQHandler
                0x080017d4                CRS_IRQHandler
                0x080017d4                EXTI4_IRQHandler
                0x080017d4                GPDMA2_Channel0_IRQHandler
                0x080017d4                RTC_S_IRQHandler
                0x080017d4                RNG_IRQHandler
                0x080017d4                FDCAN2_IT1_IRQHandler
                0x080017d4                GPDMA2_Channel6_IRQHandler
                0x080017d4                TIM1_UP_IRQHandler
                0x080017d4                WWDG_IRQHandler
                0x080017d4                FDCAN2_IT0_IRQHandler
                0x080017d4                IWDG_IRQHandler
                0x080017d4                LPUART1_IRQHandler
                0x080017d4                FDCAN1_IT0_IRQHandler
                0x080017d4                TIM2_IRQHandler
                0x080017d4                GPDMA1_Channel4_IRQHandler
                0x080017d4                EXTI7_IRQHandler
                0x080017d4                TIM1_BRK_IRQHandler
                0x080017d4                EXTI1_IRQHandler
                0x080017d4                AES_IRQHandler
                0x080017d4                DAC1_IRQHandler
                0x080017d4                DTS_IRQHandler
                0x080017d4                GTZC_IRQHandler
                0x080017d4                USART2_IRQHandler
                0x080017d4                GPDMA1_Channel6_IRQHandler
                0x080017d4                GPDMA2_Channel7_IRQHandler
                0x080017d4                I2C2_ER_IRQHandler
                0x080017d4                TIM8_BRK_IRQHandler
                0x080017d4                FLASH_IRQHandler
                0x080017d4                USART1_IRQHandler
                0x080017d4                EXTI10_IRQHandler
                0x080017d4                SPI3_IRQHandler
                0x080017d4                I2C1_ER_IRQHandler
                0x080017d4                FMC_IRQHandler
                0x080017d4                EXTI6_IRQHandler
                0x080017d4                LPTIM1_IRQHandler
                0x080017d4                DCMI_PSSI_IRQHandler
                0x080017d4                ICACHE_IRQHandler
                0x080017d4                HASH_IRQHandler
 *fill*         0x080017d6        0x2 
 .text.HAL_Init
                0x080017d8       0x50 ./Drivers/STM32H5xx_HAL_Driver/Src/stm32h5xx_hal.o
                0x080017d8                HAL_Init
 .text.HAL_InitTick
                0x08001828       0xec ./Drivers/STM32H5xx_HAL_Driver/Src/stm32h5xx_hal.o
                0x08001828                HAL_InitTick
 .text.HAL_IncTick
                0x08001914       0x28 ./Drivers/STM32H5xx_HAL_Driver/Src/stm32h5xx_hal.o
                0x08001914                HAL_IncTick
 .text.HAL_GetTick
                0x0800193c       0x18 ./Drivers/STM32H5xx_HAL_Driver/Src/stm32h5xx_hal.o
                0x0800193c                HAL_GetTick
 .text.HAL_Delay
                0x08001954       0x48 ./Drivers/STM32H5xx_HAL_Driver/Src/stm32h5xx_hal.o
                0x08001954                HAL_Delay
 .text.__NVIC_SetPriorityGrouping
                0x0800199c       0x48 ./Drivers/STM32H5xx_HAL_Driver/Src/stm32h5xx_hal_cortex.o
 .text.__NVIC_GetPriorityGrouping
                0x080019e4       0x1c ./Drivers/STM32H5xx_HAL_Driver/Src/stm32h5xx_hal_cortex.o
 .text.__NVIC_SetPriority
                0x08001a00       0x54 ./Drivers/STM32H5xx_HAL_Driver/Src/stm32h5xx_hal_cortex.o
 .text.NVIC_EncodePriority
                0x08001a54       0x66 ./Drivers/STM32H5xx_HAL_Driver/Src/stm32h5xx_hal_cortex.o
 .text.HAL_NVIC_SetPriorityGrouping
                0x08001aba       0x16 ./Drivers/STM32H5xx_HAL_Driver/Src/stm32h5xx_hal_cortex.o
                0x08001aba                HAL_NVIC_SetPriorityGrouping
 .text.HAL_NVIC_SetPriority
                0x08001ad0       0x34 ./Drivers/STM32H5xx_HAL_Driver/Src/stm32h5xx_hal_cortex.o
                0x08001ad0                HAL_NVIC_SetPriority
 .text.HAL_SYSTICK_Config
                0x08001b04       0x44 ./Drivers/STM32H5xx_HAL_Driver/Src/stm32h5xx_hal_cortex.o
                0x08001b04                HAL_SYSTICK_Config
 .text.HAL_SYSTICK_CLKSourceConfig
                0x08001b48       0xb0 ./Drivers/STM32H5xx_HAL_Driver/Src/stm32h5xx_hal_cortex.o
                0x08001b48                HAL_SYSTICK_CLKSourceConfig
 .text.HAL_SYSTICK_GetCLKSourceConfig
                0x08001bf8       0x6c ./Drivers/STM32H5xx_HAL_Driver/Src/stm32h5xx_hal_cortex.o
                0x08001bf8                HAL_SYSTICK_GetCLKSourceConfig
 .text.HAL_DCACHE_Init
                0x08001c64       0xa4 ./Drivers/STM32H5xx_HAL_Driver/Src/stm32h5xx_hal_dcache.o
                0x08001c64                HAL_DCACHE_Init
 .text.HAL_DCACHE_Enable
                0x08001d08       0x4e ./Drivers/STM32H5xx_HAL_Driver/Src/stm32h5xx_hal_dcache.o
                0x08001d08                HAL_DCACHE_Enable
 .text.HAL_DCACHE_CleanByAddrCallback
                0x08001d56       0x14 ./Drivers/STM32H5xx_HAL_Driver/Src/stm32h5xx_hal_dcache.o
                0x08001d56                HAL_DCACHE_CleanByAddrCallback
 .text.HAL_DCACHE_InvalidateByAddrCallback
                0x08001d6a       0x14 ./Drivers/STM32H5xx_HAL_Driver/Src/stm32h5xx_hal_dcache.o
                0x08001d6a                HAL_DCACHE_InvalidateByAddrCallback
 .text.HAL_DCACHE_CleanAndInvalidateByAddrCallback
                0x08001d7e       0x14 ./Drivers/STM32H5xx_HAL_Driver/Src/stm32h5xx_hal_dcache.o
                0x08001d7e                HAL_DCACHE_CleanAndInvalidateByAddrCallback
 .text.HAL_DCACHE_InvalidateCompleteCallback
                0x08001d92       0x14 ./Drivers/STM32H5xx_HAL_Driver/Src/stm32h5xx_hal_dcache.o
                0x08001d92                HAL_DCACHE_InvalidateCompleteCallback
 .text.HAL_DCACHE_ErrorCallback
                0x08001da6       0x14 ./Drivers/STM32H5xx_HAL_Driver/Src/stm32h5xx_hal_dcache.o
                0x08001da6                HAL_DCACHE_ErrorCallback
 *fill*         0x08001dba        0x2 
 .text.HAL_FLASH_Unlock
                0x08001dbc       0x4c ./Drivers/STM32H5xx_HAL_Driver/Src/stm32h5xx_hal_flash.o
                0x08001dbc                HAL_FLASH_Unlock
 .text.HAL_FLASH_Lock
                0x08001e08       0x38 ./Drivers/STM32H5xx_HAL_Driver/Src/stm32h5xx_hal_flash.o
                0x08001e08                HAL_FLASH_Lock
 .text.HAL_GPIO_Init
                0x08001e40      0x2a4 ./Drivers/STM32H5xx_HAL_Driver/Src/stm32h5xx_hal_gpio.o
                0x08001e40                HAL_GPIO_Init
 .text.HAL_GPIO_WritePin
                0x080020e4       0x30 ./Drivers/STM32H5xx_HAL_Driver/Src/stm32h5xx_hal_gpio.o
                0x080020e4                HAL_GPIO_WritePin
 .text.HAL_HCD_Init
                0x08002114       0xa0 ./Drivers/STM32H5xx_HAL_Driver/Src/stm32h5xx_hal_hcd.o
                0x08002114                HAL_HCD_Init
 .text.HAL_HCD_PMAReset
                0x080021b4       0x60 ./Drivers/STM32H5xx_HAL_Driver/Src/stm32h5xx_hal_hcd.o
                0x080021b4                HAL_HCD_PMAReset
 .text.HAL_I2C_Init
                0x08002214      0x136 ./Drivers/STM32H5xx_HAL_Driver/Src/stm32h5xx_hal_i2c.o
                0x08002214                HAL_I2C_Init
 .text.HAL_I2CEx_ConfigAnalogFilter
                0x0800234a       0x96 ./Drivers/STM32H5xx_HAL_Driver/Src/stm32h5xx_hal_i2c_ex.o
                0x0800234a                HAL_I2CEx_ConfigAnalogFilter
 .text.HAL_I2CEx_ConfigDigitalFilter
                0x080023e0       0x98 ./Drivers/STM32H5xx_HAL_Driver/Src/stm32h5xx_hal_i2c_ex.o
                0x080023e0                HAL_I2CEx_ConfigDigitalFilter
 .text.HAL_I2S_Init
                0x08002478      0x280 ./Drivers/STM32H5xx_HAL_Driver/Src/stm32h5xx_hal_i2s.o
                0x08002478                HAL_I2S_Init
 .text.HAL_ICACHE_Enable
                0x080026f8       0x20 ./Drivers/STM32H5xx_HAL_Driver/Src/stm32h5xx_hal_icache.o
                0x080026f8                HAL_ICACHE_Enable
 .text.HAL_IWDG_Init
                0x08002718       0xfc ./Drivers/STM32H5xx_HAL_Driver/Src/stm32h5xx_hal_iwdg.o
                0x08002718                HAL_IWDG_Init
 .text.HAL_IWDG_MspInit
                0x08002814       0x14 ./Drivers/STM32H5xx_HAL_Driver/Src/stm32h5xx_hal_iwdg.o
                0x08002814                HAL_IWDG_MspInit
 .text.HAL_MMC_Init
                0x08002828       0x7e ./Drivers/STM32H5xx_HAL_Driver/Src/stm32h5xx_hal_mmc.o
                0x08002828                HAL_MMC_Init
 *fill*         0x080028a6        0x2 
 .text.HAL_MMC_InitCard
                0x080028a8      0x14c ./Drivers/STM32H5xx_HAL_Driver/Src/stm32h5xx_hal_mmc.o
                0x080028a8                HAL_MMC_InitCard
 .text.HAL_MMC_GetCardCSD
                0x080029f4      0x348 ./Drivers/STM32H5xx_HAL_Driver/Src/stm32h5xx_hal_mmc.o
                0x080029f4                HAL_MMC_GetCardCSD
 .text.HAL_MMC_GetCardExtCSD
                0x08002d3c      0x1f8 ./Drivers/STM32H5xx_HAL_Driver/Src/stm32h5xx_hal_mmc.o
                0x08002d3c                HAL_MMC_GetCardExtCSD
 .text.HAL_MMC_ConfigWideBusOperation
                0x08002f34      0x198 ./Drivers/STM32H5xx_HAL_Driver/Src/stm32h5xx_hal_mmc.o
                0x08002f34                HAL_MMC_ConfigWideBusOperation
 .text.MMC_InitCard
                0x080030cc      0x1fa ./Drivers/STM32H5xx_HAL_Driver/Src/stm32h5xx_hal_mmc.o
 *fill*         0x080032c6        0x2 
 .text.MMC_PowerON
                0x080032c8       0xa0 ./Drivers/STM32H5xx_HAL_Driver/Src/stm32h5xx_hal_mmc.o
 .text.MMC_ReadExtCSD
                0x08003368      0x1e8 ./Drivers/STM32H5xx_HAL_Driver/Src/stm32h5xx_hal_mmc.o
 .text.MMC_PwrClassUpdate
                0x08003550      0x140 ./Drivers/STM32H5xx_HAL_Driver/Src/stm32h5xx_hal_mmc.o
 .text.HAL_PWREx_EnableVddUSB
                0x08003690       0x20 ./Drivers/STM32H5xx_HAL_Driver/Src/stm32h5xx_hal_pwr_ex.o
                0x08003690                HAL_PWREx_EnableVddUSB
 .text.HAL_RCC_OscConfig
                0x080036b0      0x870 ./Drivers/STM32H5xx_HAL_Driver/Src/stm32h5xx_hal_rcc.o
                0x080036b0                HAL_RCC_OscConfig
 .text.HAL_RCC_ClockConfig
                0x08003f20      0x370 ./Drivers/STM32H5xx_HAL_Driver/Src/stm32h5xx_hal_rcc.o
                0x08003f20                HAL_RCC_ClockConfig
 .text.HAL_RCC_GetSysClockFreq
                0x08004290      0x258 ./Drivers/STM32H5xx_HAL_Driver/Src/stm32h5xx_hal_rcc.o
                0x08004290                HAL_RCC_GetSysClockFreq
 .text.HAL_RCC_GetHCLKFreq
                0x080044e8       0x38 ./Drivers/STM32H5xx_HAL_Driver/Src/stm32h5xx_hal_rcc.o
                0x080044e8                HAL_RCC_GetHCLKFreq
 .text.HAL_RCC_GetPCLK1Freq
                0x08004520       0x2c ./Drivers/STM32H5xx_HAL_Driver/Src/stm32h5xx_hal_rcc.o
                0x08004520                HAL_RCC_GetPCLK1Freq
 .text.HAL_RCC_GetPCLK2Freq
                0x0800454c       0x2c ./Drivers/STM32H5xx_HAL_Driver/Src/stm32h5xx_hal_rcc.o
                0x0800454c                HAL_RCC_GetPCLK2Freq
 .text.HAL_RCC_GetPCLK3Freq
                0x08004578       0x2c ./Drivers/STM32H5xx_HAL_Driver/Src/stm32h5xx_hal_rcc.o
                0x08004578                HAL_RCC_GetPCLK3Freq
 .text.HAL_RCCEx_PeriphCLKConfig
                0x080045a4     0x1380 ./Drivers/STM32H5xx_HAL_Driver/Src/stm32h5xx_hal_rcc_ex.o
                0x080045a4                HAL_RCCEx_PeriphCLKConfig
 .text.HAL_RCCEx_GetPLL1ClockFreq
                0x08005924      0x2d4 ./Drivers/STM32H5xx_HAL_Driver/Src/stm32h5xx_hal_rcc_ex.o
                0x08005924                HAL_RCCEx_GetPLL1ClockFreq
 .text.HAL_RCCEx_GetPLL2ClockFreq
                0x08005bf8      0x2d4 ./Drivers/STM32H5xx_HAL_Driver/Src/stm32h5xx_hal_rcc_ex.o
                0x08005bf8                HAL_RCCEx_GetPLL2ClockFreq
 .text.HAL_RCCEx_GetPLL3ClockFreq
                0x08005ecc      0x2d4 ./Drivers/STM32H5xx_HAL_Driver/Src/stm32h5xx_hal_rcc_ex.o
                0x08005ecc                HAL_RCCEx_GetPLL3ClockFreq
 .text.HAL_RCCEx_GetPeriphCLKFreq
                0x080061a0     0x16a0 ./Drivers/STM32H5xx_HAL_Driver/Src/stm32h5xx_hal_rcc_ex.o
                0x080061a0                HAL_RCCEx_GetPeriphCLKFreq
 .text.RCCEx_PLL2_Config
                0x08007840      0x130 ./Drivers/STM32H5xx_HAL_Driver/Src/stm32h5xx_hal_rcc_ex.o
 .text.RCCEx_PLL3_Config
                0x08007970      0x130 ./Drivers/STM32H5xx_HAL_Driver/Src/stm32h5xx_hal_rcc_ex.o
 .text.HAL_SPI_Init
                0x08007aa0      0x258 ./Drivers/STM32H5xx_HAL_Driver/Src/stm32h5xx_hal_spi.o
                0x08007aa0                HAL_SPI_Init
 .text.SPI_GetPacketSize
                0x08007cf8       0x36 ./Drivers/STM32H5xx_HAL_Driver/Src/stm32h5xx_hal_spi.o
 .text.HAL_UART_Init
                0x08007d2e       0xa0 ./Drivers/STM32H5xx_HAL_Driver/Src/stm32h5xx_hal_uart.o
                0x08007d2e                HAL_UART_Init
 *fill*         0x08007dce        0x2 
 .text.UART_SetConfig
                0x08007dd0      0x35c ./Drivers/STM32H5xx_HAL_Driver/Src/stm32h5xx_hal_uart.o
                0x08007dd0                UART_SetConfig
 .text.UART_AdvFeatureConfig
                0x0800812c      0x144 ./Drivers/STM32H5xx_HAL_Driver/Src/stm32h5xx_hal_uart.o
                0x0800812c                UART_AdvFeatureConfig
 .text.UART_CheckIdleState
                0x08008270      0x154 ./Drivers/STM32H5xx_HAL_Driver/Src/stm32h5xx_hal_uart.o
                0x08008270                UART_CheckIdleState
 .text.UART_WaitOnFlagUntilTimeout
                0x080083c4       0xda ./Drivers/STM32H5xx_HAL_Driver/Src/stm32h5xx_hal_uart.o
                0x080083c4                UART_WaitOnFlagUntilTimeout
 .text.UART_EndRxTransfer
                0x0800849e       0xcc ./Drivers/STM32H5xx_HAL_Driver/Src/stm32h5xx_hal_uart.o
 .text.HAL_UARTEx_DisableFifoMode
                0x0800856a       0x72 ./Drivers/STM32H5xx_HAL_Driver/Src/stm32h5xx_hal_uart_ex.o
                0x0800856a                HAL_UARTEx_DisableFifoMode
 .text.HAL_UARTEx_SetTxFifoThreshold
                0x080085dc       0x7c ./Drivers/STM32H5xx_HAL_Driver/Src/stm32h5xx_hal_uart_ex.o
                0x080085dc                HAL_UARTEx_SetTxFifoThreshold
 .text.HAL_UARTEx_SetRxFifoThreshold
                0x08008658       0x7c ./Drivers/STM32H5xx_HAL_Driver/Src/stm32h5xx_hal_uart_ex.o
                0x08008658                HAL_UARTEx_SetRxFifoThreshold
 .text.UARTEx_SetNbDataToProcess
                0x080086d4       0x9c ./Drivers/STM32H5xx_HAL_Driver/Src/stm32h5xx_hal_uart_ex.o
 .text.HAL_WWDG_Init
                0x08008770       0x48 ./Drivers/STM32H5xx_HAL_Driver/Src/stm32h5xx_hal_wwdg.o
                0x08008770                HAL_WWDG_Init
 .text.SDMMC_Init
                0x080087b8       0x54 ./Drivers/STM32H5xx_HAL_Driver/Src/stm32h5xx_ll_sdmmc.o
                0x080087b8                SDMMC_Init
 .text.SDMMC_ReadFIFO
                0x0800880c       0x1a ./Drivers/STM32H5xx_HAL_Driver/Src/stm32h5xx_ll_sdmmc.o
                0x0800880c                SDMMC_ReadFIFO
 .text.SDMMC_PowerState_ON
                0x08008826       0x22 ./Drivers/STM32H5xx_HAL_Driver/Src/stm32h5xx_ll_sdmmc.o
                0x08008826                SDMMC_PowerState_ON
 .text.SDMMC_GetPowerState
                0x08008848       0x1c ./Drivers/STM32H5xx_HAL_Driver/Src/stm32h5xx_ll_sdmmc.o
                0x08008848                SDMMC_GetPowerState
 .text.SDMMC_SendCommand
                0x08008864       0x54 ./Drivers/STM32H5xx_HAL_Driver/Src/stm32h5xx_ll_sdmmc.o
                0x08008864                SDMMC_SendCommand
 .text.SDMMC_GetCommandResponse
                0x080088b8       0x1a ./Drivers/STM32H5xx_HAL_Driver/Src/stm32h5xx_ll_sdmmc.o
                0x080088b8                SDMMC_GetCommandResponse
 .text.SDMMC_GetResponse
                0x080088d2       0x26 ./Drivers/STM32H5xx_HAL_Driver/Src/stm32h5xx_ll_sdmmc.o
                0x080088d2                SDMMC_GetResponse
 .text.SDMMC_ConfigData
                0x080088f8       0x58 ./Drivers/STM32H5xx_HAL_Driver/Src/stm32h5xx_ll_sdmmc.o
                0x080088f8                SDMMC_ConfigData
 .text.SDMMC_CmdBlockLength
                0x08008950       0x46 ./Drivers/STM32H5xx_HAL_Driver/Src/stm32h5xx_ll_sdmmc.o
                0x08008950                SDMMC_CmdBlockLength
 .text.SDMMC_CmdSelDesel
                0x08008996       0x46 ./Drivers/STM32H5xx_HAL_Driver/Src/stm32h5xx_ll_sdmmc.o
                0x08008996                SDMMC_CmdSelDesel
 .text.SDMMC_CmdGoIdleState
                0x080089dc       0x3c ./Drivers/STM32H5xx_HAL_Driver/Src/stm32h5xx_ll_sdmmc.o
                0x080089dc                SDMMC_CmdGoIdleState
 .text.SDMMC_CmdSendCID
                0x08008a18       0x3e ./Drivers/STM32H5xx_HAL_Driver/Src/stm32h5xx_ll_sdmmc.o
                0x08008a18                SDMMC_CmdSendCID
 .text.SDMMC_CmdSendCSD
                0x08008a56       0x40 ./Drivers/STM32H5xx_HAL_Driver/Src/stm32h5xx_ll_sdmmc.o
                0x08008a56                SDMMC_CmdSendCSD
 .text.SDMMC_CmdSetRelAddMmc
                0x08008a96       0x4a ./Drivers/STM32H5xx_HAL_Driver/Src/stm32h5xx_ll_sdmmc.o
                0x08008a96                SDMMC_CmdSetRelAddMmc
 .text.SDMMC_CmdSendStatus
                0x08008ae0       0x46 ./Drivers/STM32H5xx_HAL_Driver/Src/stm32h5xx_ll_sdmmc.o
                0x08008ae0                SDMMC_CmdSendStatus
 .text.SDMMC_CmdOpCondition
                0x08008b26       0x40 ./Drivers/STM32H5xx_HAL_Driver/Src/stm32h5xx_ll_sdmmc.o
                0x08008b26                SDMMC_CmdOpCondition
 .text.SDMMC_CmdSwitch
                0x08008b66       0x46 ./Drivers/STM32H5xx_HAL_Driver/Src/stm32h5xx_ll_sdmmc.o
                0x08008b66                SDMMC_CmdSwitch
 .text.SDMMC_CmdSendEXTCSD
                0x08008bac       0x46 ./Drivers/STM32H5xx_HAL_Driver/Src/stm32h5xx_ll_sdmmc.o
                0x08008bac                SDMMC_CmdSendEXTCSD
 *fill*         0x08008bf2        0x2 
 .text.SDMMC_GetCmdResp1
                0x08008bf4      0x1e4 ./Drivers/STM32H5xx_HAL_Driver/Src/stm32h5xx_ll_sdmmc.o
                0x08008bf4                SDMMC_GetCmdResp1
 .text.SDMMC_GetCmdResp2
                0x08008dd8       0x94 ./Drivers/STM32H5xx_HAL_Driver/Src/stm32h5xx_ll_sdmmc.o
                0x08008dd8                SDMMC_GetCmdResp2
 .text.SDMMC_GetCmdResp3
                0x08008e6c       0x80 ./Drivers/STM32H5xx_HAL_Driver/Src/stm32h5xx_ll_sdmmc.o
                0x08008e6c                SDMMC_GetCmdResp3
 .text.SDMMC_GetCmdError
                0x08008eec       0x5c ./Drivers/STM32H5xx_HAL_Driver/Src/stm32h5xx_ll_sdmmc.o
 .text.USB_CoreReset
                0x08008f48       0x2e ./Drivers/STM32H5xx_HAL_Driver/Src/stm32h5xx_ll_usb.o
 .text.USB_CoreInit
                0x08008f76       0x3c ./Drivers/STM32H5xx_HAL_Driver/Src/stm32h5xx_ll_usb.o
                0x08008f76                USB_CoreInit
 .text.USB_DisableGlobalInt
                0x08008fb2       0x2a ./Drivers/STM32H5xx_HAL_Driver/Src/stm32h5xx_ll_usb.o
                0x08008fb2                USB_DisableGlobalInt
 .text.USB_SetCurrentMode
                0x08008fdc       0x46 ./Drivers/STM32H5xx_HAL_Driver/Src/stm32h5xx_ll_usb.o
                0x08008fdc                USB_SetCurrentMode
 .text.USB_HostInit
                0x08009022       0x5a ./Drivers/STM32H5xx_HAL_Driver/Src/stm32h5xx_ll_usb.o
                0x08009022                USB_HostInit
 .text.memset   0x0800907c       0x10 C:/ST/STM32CubeIDE_1.16.1/STM32CubeIDE/plugins/com.st.stm32cube.ide.mcu.externaltools.gnu-tools-for-stm32.12.3.rel1.win32_1.0.200.202406191623/tools/bin/../lib/gcc/arm-none-eabi/12.3.1/../../../../arm-none-eabi/lib/thumb/v8-m.main+fp/hard\libc_nano.a(libc_a-memset.o)
                0x0800907c                memset
 .text.__libc_init_array
                0x0800908c       0x48 C:/ST/STM32CubeIDE_1.16.1/STM32CubeIDE/plugins/com.st.stm32cube.ide.mcu.externaltools.gnu-tools-for-stm32.12.3.rel1.win32_1.0.200.202406191623/tools/bin/../lib/gcc/arm-none-eabi/12.3.1/../../../../arm-none-eabi/lib/thumb/v8-m.main+fp/hard\libc_nano.a(libc_a-init.o)
                0x0800908c                __libc_init_array
 *(.glue_7)
 .glue_7        0x080090d4        0x0 linker stubs
 *(.glue_7t)
 .glue_7t       0x080090d4        0x0 linker stubs
 *(.eh_frame)
 .eh_frame      0x080090d4        0x0 C:/ST/STM32CubeIDE_1.16.1/STM32CubeIDE/plugins/com.st.stm32cube.ide.mcu.externaltools.gnu-tools-for-stm32.12.3.rel1.win32_1.0.200.202406191623/tools/bin/../lib/gcc/arm-none-eabi/12.3.1/thumb/v8-m.main+fp/hard/crtbegin.o
 *(.init)
 .init          0x080090d4        0x4 C:/ST/STM32CubeIDE_1.16.1/STM32CubeIDE/plugins/com.st.stm32cube.ide.mcu.externaltools.gnu-tools-for-stm32.12.3.rel1.win32_1.0.200.202406191623/tools/bin/../lib/gcc/arm-none-eabi/12.3.1/thumb/v8-m.main+fp/hard/crti.o
                0x080090d4                _init
 .init          0x080090d8        0x8 C:/ST/STM32CubeIDE_1.16.1/STM32CubeIDE/plugins/com.st.stm32cube.ide.mcu.externaltools.gnu-tools-for-stm32.12.3.rel1.win32_1.0.200.202406191623/tools/bin/../lib/gcc/arm-none-eabi/12.3.1/thumb/v8-m.main+fp/hard/crtn.o
 *(.fini)
 .fini          0x080090e0        0x4 C:/ST/STM32CubeIDE_1.16.1/STM32CubeIDE/plugins/com.st.stm32cube.ide.mcu.externaltools.gnu-tools-for-stm32.12.3.rel1.win32_1.0.200.202406191623/tools/bin/../lib/gcc/arm-none-eabi/12.3.1/thumb/v8-m.main+fp/hard/crti.o
                0x080090e0                _fini
 .fini          0x080090e4        0x8 C:/ST/STM32CubeIDE_1.16.1/STM32CubeIDE/plugins/com.st.stm32cube.ide.mcu.externaltools.gnu-tools-for-stm32.12.3.rel1.win32_1.0.200.202406191623/tools/bin/../lib/gcc/arm-none-eabi/12.3.1/thumb/v8-m.main+fp/hard/crtn.o
                0x080090ec                        . = ALIGN (0x4)
                0x080090ec                        _etext = .

.vfp11_veneer   0x080090ec        0x0
 .vfp11_veneer  0x080090ec        0x0 linker stubs

.v4_bx          0x080090ec        0x0
 .v4_bx         0x080090ec        0x0 linker stubs

.iplt           0x080090ec        0x0
 .iplt          0x080090ec        0x0 C:/ST/STM32CubeIDE_1.16.1/STM32CubeIDE/plugins/com.st.stm32cube.ide.mcu.externaltools.gnu-tools-for-stm32.12.3.rel1.win32_1.0.200.202406191623/tools/bin/../lib/gcc/arm-none-eabi/12.3.1/thumb/v8-m.main+fp/hard/crtbegin.o

.rodata         0x080090ec       0x40
                0x080090ec                        . = ALIGN (0x4)
 *(.rodata)
 *(.rodata*)
 .rodata.AHBPrescTable
                0x080090ec       0x10 ./Core/Src/system_stm32h5xx.o
                0x080090ec                AHBPrescTable
 .rodata.APBPrescTable
                0x080090fc        0x8 ./Core/Src/system_stm32h5xx.o
                0x080090fc                APBPrescTable
 .rodata.UARTPrescTable
                0x08009104       0x18 ./Drivers/STM32H5xx_HAL_Driver/Src/stm32h5xx_hal_uart.o
                0x08009104                UARTPrescTable
 .rodata.numerator.1
                0x0800911c        0x8 ./Drivers/STM32H5xx_HAL_Driver/Src/stm32h5xx_hal_uart_ex.o
 .rodata.denominator.0
                0x08009124        0x8 ./Drivers/STM32H5xx_HAL_Driver/Src/stm32h5xx_hal_uart_ex.o
                0x0800912c                        . = ALIGN (0x4)

.ARM.extab      0x0800912c        0x0
                0x0800912c                        . = ALIGN (0x4)
 *(.ARM.extab* .gnu.linkonce.armextab.*)
                0x0800912c                        . = ALIGN (0x4)

.ARM            0x0800912c        0x8
                0x0800912c                        . = ALIGN (0x4)
                0x0800912c                        __exidx_start = .
 *(.ARM.exidx*)
 .ARM.exidx     0x0800912c        0x8 C:/ST/STM32CubeIDE_1.16.1/STM32CubeIDE/plugins/com.st.stm32cube.ide.mcu.externaltools.gnu-tools-for-stm32.12.3.rel1.win32_1.0.200.202406191623/tools/bin/../lib/gcc/arm-none-eabi/12.3.1/thumb/v8-m.main+fp/hard\libgcc.a(_udivmoddi4.o)
                0x08009134                        __exidx_end = .
                0x08009134                        . = ALIGN (0x4)

.preinit_array  0x08009134        0x0
                0x08009134                        . = ALIGN (0x4)
                0x08009134                        PROVIDE (__preinit_array_start = .)
 *(.preinit_array*)
                0x08009134                        PROVIDE (__preinit_array_end = .)
                0x08009134                        . = ALIGN (0x4)

.init_array     0x08009134        0x4
                0x08009134                        . = ALIGN (0x4)
                0x08009134                        PROVIDE (__init_array_start = .)
 *(SORT_BY_NAME(.init_array.*))
 *(.init_array*)
 .init_array    0x08009134        0x4 C:/ST/STM32CubeIDE_1.16.1/STM32CubeIDE/plugins/com.st.stm32cube.ide.mcu.externaltools.gnu-tools-for-stm32.12.3.rel1.win32_1.0.200.202406191623/tools/bin/../lib/gcc/arm-none-eabi/12.3.1/thumb/v8-m.main+fp/hard/crtbegin.o
                0x08009138                        PROVIDE (__init_array_end = .)
                0x08009138                        . = ALIGN (0x4)

.fini_array     0x08009138        0x4
                0x08009138                        . = ALIGN (0x4)
                [!provide]                        PROVIDE (__fini_array_start = .)
 *(SORT_BY_NAME(.fini_array.*))
 *(.fini_array*)
 .fini_array    0x08009138        0x4 C:/ST/STM32CubeIDE_1.16.1/STM32CubeIDE/plugins/com.st.stm32cube.ide.mcu.externaltools.gnu-tools-for-stm32.12.3.rel1.win32_1.0.200.202406191623/tools/bin/../lib/gcc/arm-none-eabi/12.3.1/thumb/v8-m.main+fp/hard/crtbegin.o
                [!provide]                        PROVIDE (__fini_array_end = .)
                0x0800913c                        . = ALIGN (0x4)
                0x0800913c                        _sidata = LOADADDR (.data)

.rel.dyn        0x0800913c        0x0
 .rel.iplt      0x0800913c        0x0 C:/ST/STM32CubeIDE_1.16.1/STM32CubeIDE/plugins/com.st.stm32cube.ide.mcu.externaltools.gnu-tools-for-stm32.12.3.rel1.win32_1.0.200.202406191623/tools/bin/../lib/gcc/arm-none-eabi/12.3.1/thumb/v8-m.main+fp/hard/crtbegin.o

.data           0x20000000        0xc load address 0x0800913c
                0x20000000                        . = ALIGN (0x4)
                0x20000000                        _sdata = .
 *(.data)
 *(.data*)
 .data.SystemCoreClock
                0x20000000        0x4 ./Core/Src/system_stm32h5xx.o
                0x20000000                SystemCoreClock
 .data.uwTickPrio
                0x20000004        0x4 ./Drivers/STM32H5xx_HAL_Driver/Src/stm32h5xx_hal.o
                0x20000004                uwTickPrio
 .data.uwTickFreq
                0x20000008        0x1 ./Drivers/STM32H5xx_HAL_Driver/Src/stm32h5xx_hal.o
                0x20000008                uwTickFreq
 *(.RamFunc)
 *(.RamFunc*)
                0x2000000c                        . = ALIGN (0x4)
 *fill*         0x20000009        0x3 
                0x2000000c                        _edata = .

.igot.plt       0x2000000c        0x0 load address 0x08009148
 .igot.plt      0x2000000c        0x0 C:/ST/STM32CubeIDE_1.16.1/STM32CubeIDE/plugins/com.st.stm32cube.ide.mcu.externaltools.gnu-tools-for-stm32.12.3.rel1.win32_1.0.200.202406191623/tools/bin/../lib/gcc/arm-none-eabi/12.3.1/thumb/v8-m.main+fp/hard/crtbegin.o
                0x2000000c                        . = ALIGN (0x4)

.bss            0x2000000c      0x990 load address 0x08009148
                0x2000000c                        _sbss = .
                0x2000000c                        __bss_start__ = _sbss
 *(.bss)
 .bss           0x2000000c       0x1c C:/ST/STM32CubeIDE_1.16.1/STM32CubeIDE/plugins/com.st.stm32cube.ide.mcu.externaltools.gnu-tools-for-stm32.12.3.rel1.win32_1.0.200.202406191623/tools/bin/../lib/gcc/arm-none-eabi/12.3.1/thumb/v8-m.main+fp/hard/crtbegin.o
 *(.bss*)
 .bss.hdcache1  0x20000028       0x2c ./Core/Src/main.o
                0x20000028                hdcache1
 .bss.hi2c1     0x20000054       0x54 ./Core/Src/main.o
                0x20000054                hi2c1
 .bss.hi2c2     0x200000a8       0x54 ./Core/Src/main.o
                0x200000a8                hi2c2
 .bss.hi2s1     0x200000fc       0x54 ./Core/Src/main.o
                0x200000fc                hi2s1
 .bss.hiwdg     0x20000150       0x14 ./Core/Src/main.o
                0x20000150                hiwdg
 .bss.hmmc1     0x20000164      0x274 ./Core/Src/main.o
                0x20000164                hmmc1
 .bss.hspi2     0x200003d8       0x90 ./Core/Src/main.o
                0x200003d8                hspi2
 .bss.hspi3     0x20000468       0x90 ./Core/Src/main.o
                0x20000468                hspi3
 .bss.huart4    0x200004f8       0x94 ./Core/Src/main.o
                0x200004f8                huart4
 .bss.huart3    0x2000058c       0x94 ./Core/Src/main.o
                0x2000058c                huart3
 .bss.hhcd_USB_DRD_FS
                0x20000620      0x364 ./Core/Src/main.o
                0x20000620                hhcd_USB_DRD_FS
 .bss.hwwdg     0x20000984       0x14 ./Core/Src/main.o
                0x20000984                hwwdg
 .bss.uwTick    0x20000998        0x4 ./Drivers/STM32H5xx_HAL_Driver/Src/stm32h5xx_hal.o
                0x20000998                uwTick
 *(COMMON)
                0x2000099c                        . = ALIGN (0x4)
                0x2000099c                        _ebss = .
                0x2000099c                        __bss_end__ = _ebss

._user_heap_stack
                0x2000099c      0x604 load address 0x08009148
                0x200009a0                        . = ALIGN (0x8)
 *fill*         0x2000099c        0x4 
                [!provide]                        PROVIDE (end = .)
                0x200009a0                        PROVIDE (_end = .)
                0x20000ba0                        . = (. + _Min_Heap_Size)
 *fill*         0x200009a0      0x200 
                0x20000fa0                        . = (. + _Min_Stack_Size)
 *fill*         0x20000ba0      0x400 
                0x20000fa0                        . = ALIGN (0x8)

/DISCARD/
 libc.a(*)
 libm.a(*)
 libgcc.a(*)

.ARM.attributes
                0x00000000       0x36
 *(.ARM.attributes)
 .ARM.attributes
                0x00000000       0x26 C:/ST/STM32CubeIDE_1.16.1/STM32CubeIDE/plugins/com.st.stm32cube.ide.mcu.externaltools.gnu-tools-for-stm32.12.3.rel1.win32_1.0.200.202406191623/tools/bin/../lib/gcc/arm-none-eabi/12.3.1/thumb/v8-m.main+fp/hard/crti.o
 .ARM.attributes
                0x00000026       0x38 C:/ST/STM32CubeIDE_1.16.1/STM32CubeIDE/plugins/com.st.stm32cube.ide.mcu.externaltools.gnu-tools-for-stm32.12.3.rel1.win32_1.0.200.202406191623/tools/bin/../lib/gcc/arm-none-eabi/12.3.1/thumb/v8-m.main+fp/hard/crtbegin.o
 .ARM.attributes
                0x0000005e       0x3a ./Core/Src/main.o
 .ARM.attributes
                0x00000098       0x3a ./Core/Src/stm32h5xx_hal_msp.o
 .ARM.attributes
                0x000000d2       0x3a ./Core/Src/stm32h5xx_it.o
 .ARM.attributes
                0x0000010c       0x3a ./Core/Src/system_stm32h5xx.o
 .ARM.attributes
                0x00000146       0x24 ./Core/Startup/startup_stm32h533vetx.o
 .ARM.attributes
                0x0000016a       0x3a ./Drivers/STM32H5xx_HAL_Driver/Src/stm32h5xx_hal.o
 .ARM.attributes
                0x000001a4       0x3a ./Drivers/STM32H5xx_HAL_Driver/Src/stm32h5xx_hal_cortex.o
 .ARM.attributes
                0x000001de       0x3a ./Drivers/STM32H5xx_HAL_Driver/Src/stm32h5xx_hal_dcache.o
 .ARM.attributes
                0x00000218       0x3a ./Drivers/STM32H5xx_HAL_Driver/Src/stm32h5xx_hal_flash.o
 .ARM.attributes
                0x00000252       0x3a ./Drivers/STM32H5xx_HAL_Driver/Src/stm32h5xx_hal_gpio.o
 .ARM.attributes
                0x0000028c       0x3a ./Drivers/STM32H5xx_HAL_Driver/Src/stm32h5xx_hal_hcd.o
 .ARM.attributes
                0x000002c6       0x3a ./Drivers/STM32H5xx_HAL_Driver/Src/stm32h5xx_hal_i2c.o
 .ARM.attributes
                0x00000300       0x3a ./Drivers/STM32H5xx_HAL_Driver/Src/stm32h5xx_hal_i2c_ex.o
 .ARM.attributes
                0x0000033a       0x3a ./Drivers/STM32H5xx_HAL_Driver/Src/stm32h5xx_hal_i2s.o
 .ARM.attributes
                0x00000374       0x3a ./Drivers/STM32H5xx_HAL_Driver/Src/stm32h5xx_hal_icache.o
 .ARM.attributes
                0x000003ae       0x3a ./Drivers/STM32H5xx_HAL_Driver/Src/stm32h5xx_hal_iwdg.o
 .ARM.attributes
                0x000003e8       0x3a ./Drivers/STM32H5xx_HAL_Driver/Src/stm32h5xx_hal_mmc.o
 .ARM.attributes
                0x00000422       0x3a ./Drivers/STM32H5xx_HAL_Driver/Src/stm32h5xx_hal_pwr_ex.o
 .ARM.attributes
                0x0000045c       0x3a ./Drivers/STM32H5xx_HAL_Driver/Src/stm32h5xx_hal_rcc.o
 .ARM.attributes
                0x00000496       0x3a ./Drivers/STM32H5xx_HAL_Driver/Src/stm32h5xx_hal_rcc_ex.o
 .ARM.attributes
                0x000004d0       0x3a ./Drivers/STM32H5xx_HAL_Driver/Src/stm32h5xx_hal_spi.o
 .ARM.attributes
                0x0000050a       0x3a ./Drivers/STM32H5xx_HAL_Driver/Src/stm32h5xx_hal_uart.o
 .ARM.attributes
                0x00000544       0x3a ./Drivers/STM32H5xx_HAL_Driver/Src/stm32h5xx_hal_uart_ex.o
 .ARM.attributes
                0x0000057e       0x3a ./Drivers/STM32H5xx_HAL_Driver/Src/stm32h5xx_hal_wwdg.o
 .ARM.attributes
                0x000005b8       0x3a ./Drivers/STM32H5xx_HAL_Driver/Src/stm32h5xx_ll_sdmmc.o
 .ARM.attributes
                0x000005f2       0x3a ./Drivers/STM32H5xx_HAL_Driver/Src/stm32h5xx_ll_usb.o
 .ARM.attributes
                0x0000062c       0x38 C:/ST/STM32CubeIDE_1.16.1/STM32CubeIDE/plugins/com.st.stm32cube.ide.mcu.externaltools.gnu-tools-for-stm32.12.3.rel1.win32_1.0.200.202406191623/tools/bin/../lib/gcc/arm-none-eabi/12.3.1/../../../../arm-none-eabi/lib/thumb/v8-m.main+fp/hard\libc_nano.a(libc_a-memset.o)
 .ARM.attributes
                0x00000664       0x38 C:/ST/STM32CubeIDE_1.16.1/STM32CubeIDE/plugins/com.st.stm32cube.ide.mcu.externaltools.gnu-tools-for-stm32.12.3.rel1.win32_1.0.200.202406191623/tools/bin/../lib/gcc/arm-none-eabi/12.3.1/../../../../arm-none-eabi/lib/thumb/v8-m.main+fp/hard\libc_nano.a(libc_a-init.o)
 .ARM.attributes
                0x0000069c       0x26 C:/ST/STM32CubeIDE_1.16.1/STM32CubeIDE/plugins/com.st.stm32cube.ide.mcu.externaltools.gnu-tools-for-stm32.12.3.rel1.win32_1.0.200.202406191623/tools/bin/../lib/gcc/arm-none-eabi/12.3.1/thumb/v8-m.main+fp/hard\libgcc.a(_aeabi_uldivmod.o)
 .ARM.attributes
                0x000006c2       0x38 C:/ST/STM32CubeIDE_1.16.1/STM32CubeIDE/plugins/com.st.stm32cube.ide.mcu.externaltools.gnu-tools-for-stm32.12.3.rel1.win32_1.0.200.202406191623/tools/bin/../lib/gcc/arm-none-eabi/12.3.1/thumb/v8-m.main+fp/hard\libgcc.a(_udivmoddi4.o)
 .ARM.attributes
                0x000006fa       0x26 C:/ST/STM32CubeIDE_1.16.1/STM32CubeIDE/plugins/com.st.stm32cube.ide.mcu.externaltools.gnu-tools-for-stm32.12.3.rel1.win32_1.0.200.202406191623/tools/bin/../lib/gcc/arm-none-eabi/12.3.1/thumb/v8-m.main+fp/hard\libgcc.a(_dvmd_tls.o)
 .ARM.attributes
                0x00000720       0x26 C:/ST/STM32CubeIDE_1.16.1/STM32CubeIDE/plugins/com.st.stm32cube.ide.mcu.externaltools.gnu-tools-for-stm32.12.3.rel1.win32_1.0.200.202406191623/tools/bin/../lib/gcc/arm-none-eabi/12.3.1/thumb/v8-m.main+fp/hard/crtn.o
OUTPUT(PIN CONFIG.elf elf32-littlearm)
LOAD linker stubs
LOAD C:/ST/STM32CubeIDE_1.16.1/STM32CubeIDE/plugins/com.st.stm32cube.ide.mcu.externaltools.gnu-tools-for-stm32.12.3.rel1.win32_1.0.200.202406191623/tools/bin/../lib/gcc/arm-none-eabi/12.3.1/../../../../arm-none-eabi/lib/thumb/v8-m.main+fp/hard\libc.a
LOAD C:/ST/STM32CubeIDE_1.16.1/STM32CubeIDE/plugins/com.st.stm32cube.ide.mcu.externaltools.gnu-tools-for-stm32.12.3.rel1.win32_1.0.200.202406191623/tools/bin/../lib/gcc/arm-none-eabi/12.3.1/../../../../arm-none-eabi/lib/thumb/v8-m.main+fp/hard\libm.a
LOAD C:/ST/STM32CubeIDE_1.16.1/STM32CubeIDE/plugins/com.st.stm32cube.ide.mcu.externaltools.gnu-tools-for-stm32.12.3.rel1.win32_1.0.200.202406191623/tools/bin/../lib/gcc/arm-none-eabi/12.3.1/thumb/v8-m.main+fp/hard\libgcc.a

.debug_info     0x00000000    0x1e118
 .debug_info    0x00000000     0x2e18 ./Core/Src/main.o
 .debug_info    0x00002e18     0x2a13 ./Core/Src/stm32h5xx_hal_msp.o
 .debug_info    0x0000582b      0x128 ./Core/Src/stm32h5xx_it.o
 .debug_info    0x00005953      0xce0 ./Core/Src/system_stm32h5xx.o
 .debug_info    0x00006633       0x30 ./Core/Startup/startup_stm32h533vetx.o
 .debug_info    0x00006663     0x1302 ./Drivers/STM32H5xx_HAL_Driver/Src/stm32h5xx_hal.o
 .debug_info    0x00007965     0x15e0 ./Drivers/STM32H5xx_HAL_Driver/Src/stm32h5xx_hal_cortex.o
 .debug_info    0x00008f45      0xb21 ./Drivers/STM32H5xx_HAL_Driver/Src/stm32h5xx_hal_dcache.o
 .debug_info    0x00009a66      0xa1e ./Drivers/STM32H5xx_HAL_Driver/Src/stm32h5xx_hal_flash.o
 .debug_info    0x0000a484      0x6b6 ./Drivers/STM32H5xx_HAL_Driver/Src/stm32h5xx_hal_gpio.o
 .debug_info    0x0000ab3a     0x1bfa ./Drivers/STM32H5xx_HAL_Driver/Src/stm32h5xx_hal_hcd.o
 .debug_info    0x0000c734     0x2315 ./Drivers/STM32H5xx_HAL_Driver/Src/stm32h5xx_hal_i2c.o
 .debug_info    0x0000ea49      0x8f5 ./Drivers/STM32H5xx_HAL_Driver/Src/stm32h5xx_hal_i2c_ex.o
 .debug_info    0x0000f33e     0x1210 ./Drivers/STM32H5xx_HAL_Driver/Src/stm32h5xx_hal_i2s.o
 .debug_info    0x0001054e      0x4d6 ./Drivers/STM32H5xx_HAL_Driver/Src/stm32h5xx_hal_icache.o
 .debug_info    0x00010a24      0x2d6 ./Drivers/STM32H5xx_HAL_Driver/Src/stm32h5xx_hal_iwdg.o
 .debug_info    0x00010cfa     0x1c60 ./Drivers/STM32H5xx_HAL_Driver/Src/stm32h5xx_hal_mmc.o
 .debug_info    0x0001295a      0x928 ./Drivers/STM32H5xx_HAL_Driver/Src/stm32h5xx_hal_pwr_ex.o
 .debug_info    0x00013282     0x1009 ./Drivers/STM32H5xx_HAL_Driver/Src/stm32h5xx_hal_rcc.o
 .debug_info    0x0001428b     0x1204 ./Drivers/STM32H5xx_HAL_Driver/Src/stm32h5xx_hal_rcc_ex.o
 .debug_info    0x0001548f     0x158d ./Drivers/STM32H5xx_HAL_Driver/Src/stm32h5xx_hal_spi.o
 .debug_info    0x00016a1c     0x4030 ./Drivers/STM32H5xx_HAL_Driver/Src/stm32h5xx_hal_uart.o
 .debug_info    0x0001aa4c     0x10ed ./Drivers/STM32H5xx_HAL_Driver/Src/stm32h5xx_hal_uart_ex.o
 .debug_info    0x0001bb39      0x269 ./Drivers/STM32H5xx_HAL_Driver/Src/stm32h5xx_hal_wwdg.o
 .debug_info    0x0001bda2     0x1450 ./Drivers/STM32H5xx_HAL_Driver/Src/stm32h5xx_ll_sdmmc.o
 .debug_info    0x0001d1f2      0xf26 ./Drivers/STM32H5xx_HAL_Driver/Src/stm32h5xx_ll_usb.o

.debug_abbrev   0x00000000     0x3abb
 .debug_abbrev  0x00000000      0x2ed ./Core/Src/main.o
 .debug_abbrev  0x000002ed      0x2dd ./Core/Src/stm32h5xx_hal_msp.o
 .debug_abbrev  0x000005ca       0x73 ./Core/Src/stm32h5xx_it.o
 .debug_abbrev  0x0000063d      0x13a ./Core/Src/system_stm32h5xx.o
 .debug_abbrev  0x00000777       0x24 ./Core/Startup/startup_stm32h533vetx.o
 .debug_abbrev  0x0000079b      0x2af ./Drivers/STM32H5xx_HAL_Driver/Src/stm32h5xx_hal.o
 .debug_abbrev  0x00000a4a      0x311 ./Drivers/STM32H5xx_HAL_Driver/Src/stm32h5xx_hal_cortex.o
 .debug_abbrev  0x00000d5b      0x230 ./Drivers/STM32H5xx_HAL_Driver/Src/stm32h5xx_hal_dcache.o
 .debug_abbrev  0x00000f8b      0x31a ./Drivers/STM32H5xx_HAL_Driver/Src/stm32h5xx_hal_flash.o
 .debug_abbrev  0x000012a5      0x1db ./Drivers/STM32H5xx_HAL_Driver/Src/stm32h5xx_hal_gpio.o
 .debug_abbrev  0x00001480      0x30e ./Drivers/STM32H5xx_HAL_Driver/Src/stm32h5xx_hal_hcd.o
 .debug_abbrev  0x0000178e      0x26f ./Drivers/STM32H5xx_HAL_Driver/Src/stm32h5xx_hal_i2c.o
 .debug_abbrev  0x000019fd      0x1a6 ./Drivers/STM32H5xx_HAL_Driver/Src/stm32h5xx_hal_i2c_ex.o
 .debug_abbrev  0x00001ba3      0x247 ./Drivers/STM32H5xx_HAL_Driver/Src/stm32h5xx_hal_i2s.o
 .debug_abbrev  0x00001dea      0x228 ./Drivers/STM32H5xx_HAL_Driver/Src/stm32h5xx_hal_icache.o
 .debug_abbrev  0x00002012      0x1b2 ./Drivers/STM32H5xx_HAL_Driver/Src/stm32h5xx_hal_iwdg.o
 .debug_abbrev  0x000021c4      0x2b9 ./Drivers/STM32H5xx_HAL_Driver/Src/stm32h5xx_hal_mmc.o
 .debug_abbrev  0x0000247d      0x299 ./Drivers/STM32H5xx_HAL_Driver/Src/stm32h5xx_hal_pwr_ex.o
 .debug_abbrev  0x00002716      0x290 ./Drivers/STM32H5xx_HAL_Driver/Src/stm32h5xx_hal_rcc.o
 .debug_abbrev  0x000029a6      0x25c ./Drivers/STM32H5xx_HAL_Driver/Src/stm32h5xx_hal_rcc_ex.o
 .debug_abbrev  0x00002c02      0x2b3 ./Drivers/STM32H5xx_HAL_Driver/Src/stm32h5xx_hal_spi.o
 .debug_abbrev  0x00002eb5      0x305 ./Drivers/STM32H5xx_HAL_Driver/Src/stm32h5xx_hal_uart.o
 .debug_abbrev  0x000031ba      0x2d4 ./Drivers/STM32H5xx_HAL_Driver/Src/stm32h5xx_hal_uart_ex.o
 .debug_abbrev  0x0000348e      0x175 ./Drivers/STM32H5xx_HAL_Driver/Src/stm32h5xx_hal_wwdg.o
 .debug_abbrev  0x00003603      0x1f4 ./Drivers/STM32H5xx_HAL_Driver/Src/stm32h5xx_ll_sdmmc.o
 .debug_abbrev  0x000037f7      0x2c4 ./Drivers/STM32H5xx_HAL_Driver/Src/stm32h5xx_ll_usb.o

.debug_aranges  0x00000000     0x1a38
 .debug_aranges
                0x00000000       0xa8 ./Core/Src/main.o
 .debug_aranges
                0x000000a8       0x98 ./Core/Src/stm32h5xx_hal_msp.o
 .debug_aranges
                0x00000140       0x60 ./Core/Src/stm32h5xx_it.o
 .debug_aranges
                0x000001a0       0x28 ./Core/Src/system_stm32h5xx.o
 .debug_aranges
                0x000001c8       0x28 ./Core/Startup/startup_stm32h533vetx.o
 .debug_aranges
                0x000001f0      0x1f8 ./Drivers/STM32H5xx_HAL_Driver/Src/stm32h5xx_hal.o
 .debug_aranges
                0x000003e8      0x140 ./Drivers/STM32H5xx_HAL_Driver/Src/stm32h5xx_hal_cortex.o
 .debug_aranges
                0x00000528      0x128 ./Drivers/STM32H5xx_HAL_Driver/Src/stm32h5xx_hal_dcache.o
 .debug_aranges
                0x00000650       0x90 ./Drivers/STM32H5xx_HAL_Driver/Src/stm32h5xx_hal_flash.o
 .debug_aranges
                0x000006e0       0x78 ./Drivers/STM32H5xx_HAL_Driver/Src/stm32h5xx_hal_gpio.o
 .debug_aranges
                0x00000758      0x1a0 ./Drivers/STM32H5xx_HAL_Driver/Src/stm32h5xx_hal_hcd.o
 .debug_aranges
                0x000008f8      0x2a0 ./Drivers/STM32H5xx_HAL_Driver/Src/stm32h5xx_hal_i2c.o
 .debug_aranges
                0x00000b98       0x40 ./Drivers/STM32H5xx_HAL_Driver/Src/stm32h5xx_hal_i2c_ex.o
 .debug_aranges
                0x00000bd8      0x148 ./Drivers/STM32H5xx_HAL_Driver/Src/stm32h5xx_hal_i2s.o
 .debug_aranges
                0x00000d20       0xa8 ./Drivers/STM32H5xx_HAL_Driver/Src/stm32h5xx_hal_icache.o
 .debug_aranges
                0x00000dc8       0x48 ./Drivers/STM32H5xx_HAL_Driver/Src/stm32h5xx_hal_iwdg.o
 .debug_aranges
                0x00000e10      0x188 ./Drivers/STM32H5xx_HAL_Driver/Src/stm32h5xx_hal_mmc.o
 .debug_aranges
                0x00000f98      0x148 ./Drivers/STM32H5xx_HAL_Driver/Src/stm32h5xx_hal_pwr_ex.o
 .debug_aranges
                0x000010e0       0xa0 ./Drivers/STM32H5xx_HAL_Driver/Src/stm32h5xx_hal_rcc.o
 .debug_aranges
                0x00001180      0x108 ./Drivers/STM32H5xx_HAL_Driver/Src/stm32h5xx_hal_rcc_ex.o
 .debug_aranges
                0x00001288      0x1a8 ./Drivers/STM32H5xx_HAL_Driver/Src/stm32h5xx_hal_spi.o
 .debug_aranges
                0x00001430      0x248 ./Drivers/STM32H5xx_HAL_Driver/Src/stm32h5xx_hal_uart.o
 .debug_aranges
                0x00001678       0xa8 ./Drivers/STM32H5xx_HAL_Driver/Src/stm32h5xx_hal_uart_ex.o
 .debug_aranges
                0x00001720       0x40 ./Drivers/STM32H5xx_HAL_Driver/Src/stm32h5xx_hal_wwdg.o
 .debug_aranges
                0x00001760      0x1d8 ./Drivers/STM32H5xx_HAL_Driver/Src/stm32h5xx_ll_sdmmc.o
 .debug_aranges
                0x00001938      0x100 ./Drivers/STM32H5xx_HAL_Driver/Src/stm32h5xx_ll_usb.o

.debug_rnglists
                0x00000000     0x1446
 .debug_rnglists
                0x00000000       0x81 ./Core/Src/main.o
 .debug_rnglists
                0x00000081       0x72 ./Core/Src/stm32h5xx_hal_msp.o
 .debug_rnglists
                0x000000f3       0x43 ./Core/Src/stm32h5xx_it.o
 .debug_rnglists
                0x00000136       0x1b ./Core/Src/system_stm32h5xx.o
 .debug_rnglists
                0x00000151       0x19 ./Core/Startup/startup_stm32h533vetx.o
 .debug_rnglists
                0x0000016a      0x177 ./Drivers/STM32H5xx_HAL_Driver/Src/stm32h5xx_hal.o
 .debug_rnglists
                0x000002e1       0xec ./Drivers/STM32H5xx_HAL_Driver/Src/stm32h5xx_hal_cortex.o
 .debug_rnglists
                0x000003cd       0xe0 ./Drivers/STM32H5xx_HAL_Driver/Src/stm32h5xx_hal_dcache.o
 .debug_rnglists
                0x000004ad       0x6c ./Drivers/STM32H5xx_HAL_Driver/Src/stm32h5xx_hal_flash.o
 .debug_rnglists
                0x00000519       0x57 ./Drivers/STM32H5xx_HAL_Driver/Src/stm32h5xx_hal_gpio.o
 .debug_rnglists
                0x00000570      0x147 ./Drivers/STM32H5xx_HAL_Driver/Src/stm32h5xx_hal_hcd.o
 .debug_rnglists
                0x000006b7      0x228 ./Drivers/STM32H5xx_HAL_Driver/Src/stm32h5xx_hal_i2c.o
 .debug_rnglists
                0x000008df       0x30 ./Drivers/STM32H5xx_HAL_Driver/Src/stm32h5xx_hal_i2c_ex.o
 .debug_rnglists
                0x0000090f      0x101 ./Drivers/STM32H5xx_HAL_Driver/Src/stm32h5xx_hal_i2s.o
 .debug_rnglists
                0x00000a10       0x7a ./Drivers/STM32H5xx_HAL_Driver/Src/stm32h5xx_hal_icache.o
 .debug_rnglists
                0x00000a8a       0x32 ./Drivers/STM32H5xx_HAL_Driver/Src/stm32h5xx_hal_iwdg.o
 .debug_rnglists
                0x00000abc      0x13d ./Drivers/STM32H5xx_HAL_Driver/Src/stm32h5xx_hal_mmc.o
 .debug_rnglists
                0x00000bf9       0xf3 ./Drivers/STM32H5xx_HAL_Driver/Src/stm32h5xx_hal_pwr_ex.o
 .debug_rnglists
                0x00000cec       0x79 ./Drivers/STM32H5xx_HAL_Driver/Src/stm32h5xx_hal_rcc.o
 .debug_rnglists
                0x00000d65       0xcf ./Drivers/STM32H5xx_HAL_Driver/Src/stm32h5xx_hal_rcc_ex.o
 .debug_rnglists
                0x00000e34      0x148 ./Drivers/STM32H5xx_HAL_Driver/Src/stm32h5xx_hal_spi.o
 .debug_rnglists
                0x00000f7c      0x1fb ./Drivers/STM32H5xx_HAL_Driver/Src/stm32h5xx_hal_uart.o
 .debug_rnglists
                0x00001177       0x7f ./Drivers/STM32H5xx_HAL_Driver/Src/stm32h5xx_hal_uart_ex.o
 .debug_rnglists
                0x000011f6       0x2b ./Drivers/STM32H5xx_HAL_Driver/Src/stm32h5xx_hal_wwdg.o
 .debug_rnglists
                0x00001221      0x164 ./Drivers/STM32H5xx_HAL_Driver/Src/stm32h5xx_ll_sdmmc.o
 .debug_rnglists
                0x00001385       0xc1 ./Drivers/STM32H5xx_HAL_Driver/Src/stm32h5xx_ll_usb.o

.debug_macro    0x00000000    0x2eae3
 .debug_macro   0x00000000      0x30e ./Core/Src/main.o
 .debug_macro   0x0000030e      0xaba ./Core/Src/main.o
 .debug_macro   0x00000dc8      0x1c9 ./Core/Src/main.o
 .debug_macro   0x00000f91       0x22 ./Core/Src/main.o
 .debug_macro   0x00000fb3       0x5b ./Core/Src/main.o
 .debug_macro   0x0000100e       0x2a ./Core/Src/main.o
 .debug_macro   0x00001038       0x94 ./Core/Src/main.o
 .debug_macro   0x000010cc       0x43 ./Core/Src/main.o
 .debug_macro   0x0000110f       0x34 ./Core/Src/main.o
 .debug_macro   0x00001143      0x189 ./Core/Src/main.o
 .debug_macro   0x000012cc       0x16 ./Core/Src/main.o
 .debug_macro   0x000012e2       0x43 ./Core/Src/main.o
 .debug_macro   0x00001325       0x57 ./Core/Src/main.o
 .debug_macro   0x0000137c       0x34 ./Core/Src/main.o
 .debug_macro   0x000013b0       0x10 ./Core/Src/main.o
 .debug_macro   0x000013c0       0x58 ./Core/Src/main.o
 .debug_macro   0x00001418       0x8e ./Core/Src/main.o
 .debug_macro   0x000014a6       0x1c ./Core/Src/main.o
 .debug_macro   0x000014c2      0x177 ./Core/Src/main.o
 .debug_macro   0x00001639      0x369 ./Core/Src/main.o
 .debug_macro   0x000019a2      0x19b ./Core/Src/main.o
 .debug_macro   0x00001b3d       0x28 ./Core/Src/main.o
 .debug_macro   0x00001b65       0x42 ./Core/Src/main.o
 .debug_macro   0x00001ba7      0x103 ./Core/Src/main.o
 .debug_macro   0x00001caa       0x6a ./Core/Src/main.o
 .debug_macro   0x00001d14      0x1df ./Core/Src/main.o
 .debug_macro   0x00001ef3       0x1c ./Core/Src/main.o
 .debug_macro   0x00001f0f       0x29 ./Core/Src/main.o
 .debug_macro   0x00001f38       0xfb ./Core/Src/main.o
 .debug_macro   0x00002033     0x1685 ./Core/Src/main.o
 .debug_macro   0x000036b8       0x5e ./Core/Src/main.o
 .debug_macro   0x00003716    0x1c059 ./Core/Src/main.o
 .debug_macro   0x0001f76f       0x6d ./Core/Src/main.o
 .debug_macro   0x0001f7dc     0x3891 ./Core/Src/main.o
 .debug_macro   0x0002306d       0x63 ./Core/Src/main.o
 .debug_macro   0x000230d0     0x1a59 ./Core/Src/main.o
 .debug_macro   0x00024b29      0xa9f ./Core/Src/main.o
 .debug_macro   0x000255c8      0x166 ./Core/Src/main.o
 .debug_macro   0x0002572e      0x266 ./Core/Src/main.o
 .debug_macro   0x00025994       0xca ./Core/Src/main.o
 .debug_macro   0x00025a5e       0xb6 ./Core/Src/main.o
 .debug_macro   0x00025b14      0x765 ./Core/Src/main.o
 .debug_macro   0x00026279      0x424 ./Core/Src/main.o
 .debug_macro   0x0002669d       0xd6 ./Core/Src/main.o
 .debug_macro   0x00026773      0x1ce ./Core/Src/main.o
 .debug_macro   0x00026941      0x2b4 ./Core/Src/main.o
 .debug_macro   0x00026bf5      0x57b ./Core/Src/main.o
 .debug_macro   0x00027170       0x74 ./Core/Src/main.o
 .debug_macro   0x000271e4      0x83e ./Core/Src/main.o
 .debug_macro   0x00027a22      0x23b ./Core/Src/main.o
 .debug_macro   0x00027c5d       0x28 ./Core/Src/main.o
 .debug_macro   0x00027c85       0x12 ./Core/Src/main.o
 .debug_macro   0x00027c97      0x22c ./Core/Src/main.o
 .debug_macro   0x00027ec3       0x35 ./Core/Src/main.o
 .debug_macro   0x00027ef8       0xa5 ./Core/Src/main.o
 .debug_macro   0x00027f9d      0x25d ./Core/Src/main.o
 .debug_macro   0x000281fa       0xaf ./Core/Src/main.o
 .debug_macro   0x000282a9      0x313 ./Core/Src/main.o
 .debug_macro   0x000285bc      0x1bb ./Core/Src/main.o
 .debug_macro   0x00028777      0x5cf ./Core/Src/main.o
 .debug_macro   0x00028d46       0xd6 ./Core/Src/main.o
 .debug_macro   0x00028e1c      0x693 ./Core/Src/main.o
 .debug_macro   0x000294af       0xa6 ./Core/Src/main.o
 .debug_macro   0x00029555       0xa9 ./Core/Src/main.o
 .debug_macro   0x000295fe      0x224 ./Core/Src/main.o
 .debug_macro   0x00029822      0x153 ./Core/Src/main.o
 .debug_macro   0x00029975      0x253 ./Core/Src/main.o
 .debug_macro   0x00029bc8      0x3f9 ./Core/Src/main.o
 .debug_macro   0x00029fc1       0x28 ./Core/Src/main.o
 .debug_macro   0x00029fe9      0x30e ./Core/Src/stm32h5xx_hal_msp.o
 .debug_macro   0x0002a2f7      0x318 ./Core/Src/stm32h5xx_it.o
 .debug_macro   0x0002a60f      0x306 ./Core/Src/system_stm32h5xx.o
 .debug_macro   0x0002a915      0x335 ./Drivers/STM32H5xx_HAL_Driver/Src/stm32h5xx_hal.o
 .debug_macro   0x0002ac4a      0x2ff ./Drivers/STM32H5xx_HAL_Driver/Src/stm32h5xx_hal_cortex.o
 .debug_macro   0x0002af49      0x347 ./Drivers/STM32H5xx_HAL_Driver/Src/stm32h5xx_hal_dcache.o
 .debug_macro   0x0002b290      0x2ff ./Drivers/STM32H5xx_HAL_Driver/Src/stm32h5xx_hal_flash.o
 .debug_macro   0x0002b58f      0x335 ./Drivers/STM32H5xx_HAL_Driver/Src/stm32h5xx_hal_gpio.o
 .debug_macro   0x0002b8c4      0x2ff ./Drivers/STM32H5xx_HAL_Driver/Src/stm32h5xx_hal_hcd.o
 .debug_macro   0x0002bbc3      0x3cb ./Drivers/STM32H5xx_HAL_Driver/Src/stm32h5xx_hal_i2c.o
 .debug_macro   0x0002bf8e      0x2ff ./Drivers/STM32H5xx_HAL_Driver/Src/stm32h5xx_hal_i2c_ex.o
 .debug_macro   0x0002c28d      0x307 ./Drivers/STM32H5xx_HAL_Driver/Src/stm32h5xx_hal_i2s.o
 .debug_macro   0x0002c594      0x331 ./Drivers/STM32H5xx_HAL_Driver/Src/stm32h5xx_hal_icache.o
 .debug_macro   0x0002c8c5      0x30d ./Drivers/STM32H5xx_HAL_Driver/Src/stm32h5xx_hal_iwdg.o
 .debug_macro   0x0002cbd2      0x35b ./Drivers/STM32H5xx_HAL_Driver/Src/stm32h5xx_hal_mmc.o
 .debug_macro   0x0002cf2d      0x329 ./Drivers/STM32H5xx_HAL_Driver/Src/stm32h5xx_hal_pwr_ex.o
 .debug_macro   0x0002d256      0x341 ./Drivers/STM32H5xx_HAL_Driver/Src/stm32h5xx_hal_rcc.o
 .debug_macro   0x0002d597      0x311 ./Drivers/STM32H5xx_HAL_Driver/Src/stm32h5xx_hal_rcc_ex.o
 .debug_macro   0x0002d8a8      0x307 ./Drivers/STM32H5xx_HAL_Driver/Src/stm32h5xx_hal_spi.o
 .debug_macro   0x0002dbaf      0x32a ./Drivers/STM32H5xx_HAL_Driver/Src/stm32h5xx_hal_uart.o
 .debug_macro   0x0002ded9      0x30b ./Drivers/STM32H5xx_HAL_Driver/Src/stm32h5xx_hal_uart_ex.o
 .debug_macro   0x0002e1e4      0x300 ./Drivers/STM32H5xx_HAL_Driver/Src/stm32h5xx_hal_wwdg.o
 .debug_macro   0x0002e4e4      0x300 ./Drivers/STM32H5xx_HAL_Driver/Src/stm32h5xx_ll_sdmmc.o
 .debug_macro   0x0002e7e4      0x2ff ./Drivers/STM32H5xx_HAL_Driver/Src/stm32h5xx_ll_usb.o

.debug_line     0x00000000    0x22c84
 .debug_line    0x00000000      0xe26 ./Core/Src/main.o
 .debug_line    0x00000e26      0xd45 ./Core/Src/stm32h5xx_hal_msp.o
 .debug_line    0x00001b6b      0xa69 ./Core/Src/stm32h5xx_it.o
 .debug_line    0x000025d4      0xb28 ./Core/Src/system_stm32h5xx.o
 .debug_line    0x000030fc       0x7b ./Core/Startup/startup_stm32h533vetx.o
 .debug_line    0x00003177     0x1097 ./Drivers/STM32H5xx_HAL_Driver/Src/stm32h5xx_hal.o
 .debug_line    0x0000420e     0x1017 ./Drivers/STM32H5xx_HAL_Driver/Src/stm32h5xx_hal_cortex.o
 .debug_line    0x00005225      0xfd6 ./Drivers/STM32H5xx_HAL_Driver/Src/stm32h5xx_hal_dcache.o
 .debug_line    0x000061fb      0xdd8 ./Drivers/STM32H5xx_HAL_Driver/Src/stm32h5xx_hal_flash.o
 .debug_line    0x00006fd3      0xda3 ./Drivers/STM32H5xx_HAL_Driver/Src/stm32h5xx_hal_gpio.o
 .debug_line    0x00007d76     0x2138 ./Drivers/STM32H5xx_HAL_Driver/Src/stm32h5xx_hal_hcd.o
 .debug_line    0x00009eae     0x3f3c ./Drivers/STM32H5xx_HAL_Driver/Src/stm32h5xx_hal_i2c.o
 .debug_line    0x0000ddea      0xbf6 ./Drivers/STM32H5xx_HAL_Driver/Src/stm32h5xx_hal_i2c_ex.o
 .debug_line    0x0000e9e0     0x1ada ./Drivers/STM32H5xx_HAL_Driver/Src/stm32h5xx_hal_i2s.o
 .debug_line    0x000104ba      0xc8c ./Drivers/STM32H5xx_HAL_Driver/Src/stm32h5xx_hal_icache.o
 .debug_line    0x00011146      0xaec ./Drivers/STM32H5xx_HAL_Driver/Src/stm32h5xx_hal_iwdg.o
 .debug_line    0x00011c32     0x2886 ./Drivers/STM32H5xx_HAL_Driver/Src/stm32h5xx_hal_mmc.o
 .debug_line    0x000144b8      0xe88 ./Drivers/STM32H5xx_HAL_Driver/Src/stm32h5xx_hal_pwr_ex.o
 .debug_line    0x00015340     0x1422 ./Drivers/STM32H5xx_HAL_Driver/Src/stm32h5xx_hal_rcc.o
 .debug_line    0x00016762     0x24d1 ./Drivers/STM32H5xx_HAL_Driver/Src/stm32h5xx_hal_rcc_ex.o
 .debug_line    0x00018c33     0x24f0 ./Drivers/STM32H5xx_HAL_Driver/Src/stm32h5xx_hal_spi.o
 .debug_line    0x0001b123     0x3b62 ./Drivers/STM32H5xx_HAL_Driver/Src/stm32h5xx_hal_uart.o
 .debug_line    0x0001ec85      0xffd ./Drivers/STM32H5xx_HAL_Driver/Src/stm32h5xx_hal_uart_ex.o
 .debug_line    0x0001fc82      0xa28 ./Drivers/STM32H5xx_HAL_Driver/Src/stm32h5xx_hal_wwdg.o
 .debug_line    0x000206aa     0x142c ./Drivers/STM32H5xx_HAL_Driver/Src/stm32h5xx_ll_sdmmc.o
 .debug_line    0x00021ad6     0x11ae ./Drivers/STM32H5xx_HAL_Driver/Src/stm32h5xx_ll_usb.o

.debug_str      0x00000000   0x11dc76
 .debug_str     0x00000000   0x115f82 ./Core/Src/main.o
                             0x1164ee (size before relaxing)
 .debug_str     0x00115f82      0x4e3 ./Core/Src/stm32h5xx_hal_msp.o
                             0x1162ba (size before relaxing)
 .debug_str     0x00116465       0xc9 ./Core/Src/stm32h5xx_it.o
                             0x11462d (size before relaxing)
 .debug_str     0x0011652e      0x1bd ./Core/Src/system_stm32h5xx.o
                             0x114b12 (size before relaxing)
 .debug_str     0x001166eb       0x44 ./Core/Startup/startup_stm32h533vetx.o
                                 0x88 (size before relaxing)
 .debug_str     0x0011672f      0xf6f ./Drivers/STM32H5xx_HAL_Driver/Src/stm32h5xx_hal.o
                             0x1158c0 (size before relaxing)
 .debug_str     0x0011769e      0x40e ./Drivers/STM32H5xx_HAL_Driver/Src/stm32h5xx_hal_cortex.o
                             0x11547b (size before relaxing)
 .debug_str     0x00117aac      0x7e5 ./Drivers/STM32H5xx_HAL_Driver/Src/stm32h5xx_hal_dcache.o
                             0x114f4d (size before relaxing)
 .debug_str     0x00118291      0x2a0 ./Drivers/STM32H5xx_HAL_Driver/Src/stm32h5xx_hal_flash.o
                             0x114af9 (size before relaxing)
 .debug_str     0x00118531      0x2c6 ./Drivers/STM32H5xx_HAL_Driver/Src/stm32h5xx_hal_gpio.o
                             0x1148e9 (size before relaxing)
 .debug_str     0x001187f7      0x721 ./Drivers/STM32H5xx_HAL_Driver/Src/stm32h5xx_hal_hcd.o
                             0x1151c6 (size before relaxing)
 .debug_str     0x00118f18      0xf1c ./Drivers/STM32H5xx_HAL_Driver/Src/stm32h5xx_hal_i2c.o
                             0x115b37 (size before relaxing)
 .debug_str     0x00119e34       0x87 ./Drivers/STM32H5xx_HAL_Driver/Src/stm32h5xx_hal_i2c_ex.o
                             0x114c58 (size before relaxing)
 .debug_str     0x00119ebb      0x3e1 ./Drivers/STM32H5xx_HAL_Driver/Src/stm32h5xx_hal_i2s.o
                             0x114f75 (size before relaxing)
 .debug_str     0x0011a29c      0x666 ./Drivers/STM32H5xx_HAL_Driver/Src/stm32h5xx_hal_icache.o
                             0x114c12 (size before relaxing)
 .debug_str     0x0011a902      0x15d ./Drivers/STM32H5xx_HAL_Driver/Src/stm32h5xx_hal_iwdg.o
                             0x114702 (size before relaxing)
 .debug_str     0x0011aa5f      0xb87 ./Drivers/STM32H5xx_HAL_Driver/Src/stm32h5xx_hal_mmc.o
                             0x1154ba (size before relaxing)
 .debug_str     0x0011b5e6      0x5c1 ./Drivers/STM32H5xx_HAL_Driver/Src/stm32h5xx_hal_pwr_ex.o
                             0x114cce (size before relaxing)
 .debug_str     0x0011bba7      0x376 ./Drivers/STM32H5xx_HAL_Driver/Src/stm32h5xx_hal_rcc.o
                             0x115057 (size before relaxing)
 .debug_str     0x0011bf1d      0x6a4 ./Drivers/STM32H5xx_HAL_Driver/Src/stm32h5xx_hal_rcc_ex.o
                             0x1152e1 (size before relaxing)
 .debug_str     0x0011c5c1      0x4ca ./Drivers/STM32H5xx_HAL_Driver/Src/stm32h5xx_hal_spi.o
                             0x1151cd (size before relaxing)
 .debug_str     0x0011ca8b      0x917 ./Drivers/STM32H5xx_HAL_Driver/Src/stm32h5xx_hal_uart.o
                             0x1155ca (size before relaxing)
 .debug_str     0x0011d3a2      0x26b ./Drivers/STM32H5xx_HAL_Driver/Src/stm32h5xx_hal_uart_ex.o
                             0x114f9b (size before relaxing)
 .debug_str     0x0011d60d       0x7b ./Drivers/STM32H5xx_HAL_Driver/Src/stm32h5xx_hal_wwdg.o
                             0x114619 (size before relaxing)
 .debug_str     0x0011d688      0x42a ./Drivers/STM32H5xx_HAL_Driver/Src/stm32h5xx_ll_sdmmc.o
                             0x114d9c (size before relaxing)
 .debug_str     0x0011dab2      0x1c4 ./Drivers/STM32H5xx_HAL_Driver/Src/stm32h5xx_ll_usb.o
                             0x114bd7 (size before relaxing)

.comment        0x00000000       0x43
 .comment       0x00000000       0x43 ./Core/Src/main.o
                                 0x44 (size before relaxing)
 .comment       0x00000043       0x44 ./Core/Src/stm32h5xx_hal_msp.o
 .comment       0x00000043       0x44 ./Core/Src/stm32h5xx_it.o
 .comment       0x00000043       0x44 ./Core/Src/system_stm32h5xx.o
 .comment       0x00000043       0x44 ./Drivers/STM32H5xx_HAL_Driver/Src/stm32h5xx_hal.o
 .comment       0x00000043       0x44 ./Drivers/STM32H5xx_HAL_Driver/Src/stm32h5xx_hal_cortex.o
 .comment       0x00000043       0x44 ./Drivers/STM32H5xx_HAL_Driver/Src/stm32h5xx_hal_dcache.o
 .comment       0x00000043       0x44 ./Drivers/STM32H5xx_HAL_Driver/Src/stm32h5xx_hal_flash.o
 .comment       0x00000043       0x44 ./Drivers/STM32H5xx_HAL_Driver/Src/stm32h5xx_hal_gpio.o
 .comment       0x00000043       0x44 ./Drivers/STM32H5xx_HAL_Driver/Src/stm32h5xx_hal_hcd.o
 .comment       0x00000043       0x44 ./Drivers/STM32H5xx_HAL_Driver/Src/stm32h5xx_hal_i2c.o
 .comment       0x00000043       0x44 ./Drivers/STM32H5xx_HAL_Driver/Src/stm32h5xx_hal_i2c_ex.o
 .comment       0x00000043       0x44 ./Drivers/STM32H5xx_HAL_Driver/Src/stm32h5xx_hal_i2s.o
 .comment       0x00000043       0x44 ./Drivers/STM32H5xx_HAL_Driver/Src/stm32h5xx_hal_icache.o
 .comment       0x00000043       0x44 ./Drivers/STM32H5xx_HAL_Driver/Src/stm32h5xx_hal_iwdg.o
 .comment       0x00000043       0x44 ./Drivers/STM32H5xx_HAL_Driver/Src/stm32h5xx_hal_mmc.o
 .comment       0x00000043       0x44 ./Drivers/STM32H5xx_HAL_Driver/Src/stm32h5xx_hal_pwr_ex.o
 .comment       0x00000043       0x44 ./Drivers/STM32H5xx_HAL_Driver/Src/stm32h5xx_hal_rcc.o
 .comment       0x00000043       0x44 ./Drivers/STM32H5xx_HAL_Driver/Src/stm32h5xx_hal_rcc_ex.o
 .comment       0x00000043       0x44 ./Drivers/STM32H5xx_HAL_Driver/Src/stm32h5xx_hal_spi.o
 .comment       0x00000043       0x44 ./Drivers/STM32H5xx_HAL_Driver/Src/stm32h5xx_hal_uart.o
 .comment       0x00000043       0x44 ./Drivers/STM32H5xx_HAL_Driver/Src/stm32h5xx_hal_uart_ex.o
 .comment       0x00000043       0x44 ./Drivers/STM32H5xx_HAL_Driver/Src/stm32h5xx_hal_wwdg.o
 .comment       0x00000043       0x44 ./Drivers/STM32H5xx_HAL_Driver/Src/stm32h5xx_ll_sdmmc.o
 .comment       0x00000043       0x44 ./Drivers/STM32H5xx_HAL_Driver/Src/stm32h5xx_ll_usb.o

.debug_frame    0x00000000     0x70c4
 .debug_frame   0x00000000      0x214 ./Core/Src/main.o
 .debug_frame   0x00000214      0x270 ./Core/Src/stm32h5xx_hal_msp.o
 .debug_frame   0x00000484      0x104 ./Core/Src/stm32h5xx_it.o
 .debug_frame   0x00000588       0x60 ./Core/Src/system_stm32h5xx.o
 .debug_frame   0x000005e8      0x800 ./Drivers/STM32H5xx_HAL_Driver/Src/stm32h5xx_hal.o
 .debug_frame   0x00000de8      0x560 ./Drivers/STM32H5xx_HAL_Driver/Src/stm32h5xx_hal_cortex.o
 .debug_frame   0x00001348      0x52c ./Drivers/STM32H5xx_HAL_Driver/Src/stm32h5xx_hal_dcache.o
 .debug_frame   0x00001874      0x23c ./Drivers/STM32H5xx_HAL_Driver/Src/stm32h5xx_hal_flash.o
 .debug_frame   0x00001ab0      0x1ec ./Drivers/STM32H5xx_HAL_Driver/Src/stm32h5xx_hal_gpio.o
 .debug_frame   0x00001c9c      0x788 ./Drivers/STM32H5xx_HAL_Driver/Src/stm32h5xx_hal_hcd.o
 .debug_frame   0x00002424      0xc44 ./Drivers/STM32H5xx_HAL_Driver/Src/stm32h5xx_hal_i2c.o
 .debug_frame   0x00003068       0xd8 ./Drivers/STM32H5xx_HAL_Driver/Src/stm32h5xx_hal_i2c_ex.o
 .debug_frame   0x00003140      0x5b8 ./Drivers/STM32H5xx_HAL_Driver/Src/stm32h5xx_hal_i2s.o
 .debug_frame   0x000036f8      0x298 ./Drivers/STM32H5xx_HAL_Driver/Src/stm32h5xx_hal_icache.o
 .debug_frame   0x00003990       0xf8 ./Drivers/STM32H5xx_HAL_Driver/Src/stm32h5xx_hal_iwdg.o
 .debug_frame   0x00003a88      0x6ec ./Drivers/STM32H5xx_HAL_Driver/Src/stm32h5xx_hal_mmc.o
 .debug_frame   0x00004174      0x50c ./Drivers/STM32H5xx_HAL_Driver/Src/stm32h5xx_hal_pwr_ex.o
 .debug_frame   0x00004680      0x268 ./Drivers/STM32H5xx_HAL_Driver/Src/stm32h5xx_hal_rcc.o
 .debug_frame   0x000048e8      0x470 ./Drivers/STM32H5xx_HAL_Driver/Src/stm32h5xx_hal_rcc_ex.o
 .debug_frame   0x00004d58      0x7ac ./Drivers/STM32H5xx_HAL_Driver/Src/stm32h5xx_hal_spi.o
 .debug_frame   0x00005504      0xa84 ./Drivers/STM32H5xx_HAL_Driver/Src/stm32h5xx_hal_uart.o
 .debug_frame   0x00005f88      0x2c4 ./Drivers/STM32H5xx_HAL_Driver/Src/stm32h5xx_hal_uart_ex.o
 .debug_frame   0x0000624c       0xd0 ./Drivers/STM32H5xx_HAL_Driver/Src/stm32h5xx_hal_wwdg.o
 .debug_frame   0x0000631c      0x858 ./Drivers/STM32H5xx_HAL_Driver/Src/stm32h5xx_ll_sdmmc.o
 .debug_frame   0x00006b74      0x4a0 ./Drivers/STM32H5xx_HAL_Driver/Src/stm32h5xx_ll_usb.o
 .debug_frame   0x00007014       0x20 C:/ST/STM32CubeIDE_1.16.1/STM32CubeIDE/plugins/com.st.stm32cube.ide.mcu.externaltools.gnu-tools-for-stm32.12.3.rel1.win32_1.0.200.202406191623/tools/bin/../lib/gcc/arm-none-eabi/12.3.1/../../../../arm-none-eabi/lib/thumb/v8-m.main+fp/hard\libc_nano.a(libc_a-memset.o)
 .debug_frame   0x00007034       0x2c C:/ST/STM32CubeIDE_1.16.1/STM32CubeIDE/plugins/com.st.stm32cube.ide.mcu.externaltools.gnu-tools-for-stm32.12.3.rel1.win32_1.0.200.202406191623/tools/bin/../lib/gcc/arm-none-eabi/12.3.1/../../../../arm-none-eabi/lib/thumb/v8-m.main+fp/hard\libc_nano.a(libc_a-init.o)
 .debug_frame   0x00007060       0x2c C:/ST/STM32CubeIDE_1.16.1/STM32CubeIDE/plugins/com.st.stm32cube.ide.mcu.externaltools.gnu-tools-for-stm32.12.3.rel1.win32_1.0.200.202406191623/tools/bin/../lib/gcc/arm-none-eabi/12.3.1/thumb/v8-m.main+fp/hard\libgcc.a(_aeabi_uldivmod.o)
 .debug_frame   0x0000708c       0x38 C:/ST/STM32CubeIDE_1.16.1/STM32CubeIDE/plugins/com.st.stm32cube.ide.mcu.externaltools.gnu-tools-for-stm32.12.3.rel1.win32_1.0.200.202406191623/tools/bin/../lib/gcc/arm-none-eabi/12.3.1/thumb/v8-m.main+fp/hard\libgcc.a(_udivmoddi4.o)

.debug_line_str
                0x00000000       0x6c
 .debug_line_str
                0x00000000       0x6c ./Core/Startup/startup_stm32h533vetx.o
