../Drivers/STM32H5xx_HAL_Driver/Inc/stm32h5xx_hal_hcd.h:498:26:HCD_GET_CH_RX_CNT	32	static
../Drivers/STM32H5xx_HAL_Driver/Inc/stm32h5xx_hal_hcd.h:547:26:HCD_GET_CH_DBUF0_CNT	24	static
../Drivers/STM32H5xx_HAL_Driver/Inc/stm32h5xx_hal_hcd.h:567:26:HCD_GET_CH_DBUF1_CNT	24	static
../Drivers/STM32H5xx_HAL_Driver/Src/stm32h5xx_hal_hcd.c:119:19:HAL_HCD_Init	24	static
../Drivers/STM32H5xx_HAL_Driver/Src/stm32h5xx_hal_hcd.c:209:19:HAL_HCD_HC_Init	64	static
../Drivers/STM32H5xx_HAL_Driver/Src/stm32h5xx_hal_hcd.c:447:19:HAL_HCD_HC_Close	16	static
../Drivers/STM32H5xx_HAL_Driver/Src/stm32h5xx_hal_hcd.c:478:19:HAL_HCD_HC_Halt	24	static
../Drivers/STM32H5xx_HAL_Driver/Src/stm32h5xx_hal_hcd.c:501:19:HAL_HCD_DeInit	24	static
../Drivers/STM32H5xx_HAL_Driver/Src/stm32h5xx_hal_hcd.c:551:14:HAL_HCD_MspInit	16	static
../Drivers/STM32H5xx_HAL_Driver/Src/stm32h5xx_hal_hcd.c:566:14:HAL_HCD_MspDeInit	16	static
../Drivers/STM32H5xx_HAL_Driver/Src/stm32h5xx_hal_hcd.c:576:13:HAL_HCD_SuspendCallback	16	static
../Drivers/STM32H5xx_HAL_Driver/Src/stm32h5xx_hal_hcd.c:587:13:HAL_HCD_ResumeCallback	16	static
../Drivers/STM32H5xx_HAL_Driver/Src/stm32h5xx_hal_hcd.c:639:19:HAL_HCD_HC_SubmitRequest	16	static
../Drivers/STM32H5xx_HAL_Driver/Src/stm32h5xx_hal_hcd.c:759:6:HAL_HCD_IRQHandler	24	static
../Drivers/STM32H5xx_HAL_Driver/Src/stm32h5xx_hal_hcd.c:891:13:HAL_HCD_SOF_Callback	16	static
../Drivers/STM32H5xx_HAL_Driver/Src/stm32h5xx_hal_hcd.c:906:13:HAL_HCD_Connect_Callback	16	static
../Drivers/STM32H5xx_HAL_Driver/Src/stm32h5xx_hal_hcd.c:921:13:HAL_HCD_Disconnect_Callback	16	static
../Drivers/STM32H5xx_HAL_Driver/Src/stm32h5xx_hal_hcd.c:935:13:HAL_HCD_PortEnabled_Callback	16	static
../Drivers/STM32H5xx_HAL_Driver/Src/stm32h5xx_hal_hcd.c:949:13:HAL_HCD_PortDisabled_Callback	16	static
../Drivers/STM32H5xx_HAL_Driver/Src/stm32h5xx_hal_hcd.c:974:13:HAL_HCD_HC_NotifyURBChange_Callback	16	static
../Drivers/STM32H5xx_HAL_Driver/Src/stm32h5xx_hal_hcd.c:1292:19:HAL_HCD_Start	24	static
../Drivers/STM32H5xx_HAL_Driver/Src/stm32h5xx_hal_hcd.c:1320:19:HAL_HCD_Stop	16	static
../Drivers/STM32H5xx_HAL_Driver/Src/stm32h5xx_hal_hcd.c:1344:19:HAL_HCD_Suspend	24	static
../Drivers/STM32H5xx_HAL_Driver/Src/stm32h5xx_hal_hcd.c:1368:19:HAL_HCD_Resume	16	static
../Drivers/STM32H5xx_HAL_Driver/Src/stm32h5xx_hal_hcd.c:1381:19:HAL_HCD_ResetPort	16	static
../Drivers/STM32H5xx_HAL_Driver/Src/stm32h5xx_hal_hcd.c:1402:19:HAL_HCD_ResumePort	16	static
../Drivers/STM32H5xx_HAL_Driver/Src/stm32h5xx_hal_hcd.c:1439:18:HAL_HCD_GetState	16	static
../Drivers/STM32H5xx_HAL_Driver/Src/stm32h5xx_hal_hcd.c:1458:21:HAL_HCD_HC_GetURBState	16	static
../Drivers/STM32H5xx_HAL_Driver/Src/stm32h5xx_hal_hcd.c:1471:10:HAL_HCD_HC_GetXferCount	16	static
../Drivers/STM32H5xx_HAL_Driver/Src/stm32h5xx_hal_hcd.c:1493:21:HAL_HCD_HC_GetState	16	static
../Drivers/STM32H5xx_HAL_Driver/Src/stm32h5xx_hal_hcd.c:1503:10:HAL_HCD_GetCurrentFrame	16	static
../Drivers/STM32H5xx_HAL_Driver/Src/stm32h5xx_hal_hcd.c:1516:10:HAL_HCD_GetCurrentSpeed	16	static
../Drivers/STM32H5xx_HAL_Driver/Src/stm32h5xx_hal_hcd.c:1530:19:HAL_HCD_HC_SetHubInfo	16	static
../Drivers/STM32H5xx_HAL_Driver/Src/stm32h5xx_hal_hcd.c:1547:19:HAL_HCD_HC_ClearHubInfo	16	static
../Drivers/STM32H5xx_HAL_Driver/Src/stm32h5xx_hal_hcd.c:1564:13:HCD_HC_OUT_BulkDb	96	static
../Drivers/STM32H5xx_HAL_Driver/Src/stm32h5xx_hal_hcd.c:1710:13:HCD_HC_IN_BulkDb	56	static
../Drivers/STM32H5xx_HAL_Driver/Src/stm32h5xx_hal_hcd.c:1800:20:HCD_HC_IN_ISO	40	static
../Drivers/STM32H5xx_HAL_Driver/Src/stm32h5xx_hal_hcd.c:1868:13:HCD_HC_IN_IRQHandler	64	static
../Drivers/STM32H5xx_HAL_Driver/Src/stm32h5xx_hal_hcd.c:2018:13:HCD_HC_OUT_IRQHandler	56	static
../Drivers/STM32H5xx_HAL_Driver/Src/stm32h5xx_hal_hcd.c:2210:13:HCD_Port_IRQHandler	24	static
../Drivers/STM32H5xx_HAL_Driver/Src/stm32h5xx_hal_hcd.c:2289:16:HAL_HCD_Check_usedChannel	24	static
../Drivers/STM32H5xx_HAL_Driver/Src/stm32h5xx_hal_hcd.c:2323:16:HAL_HCD_GetLogical_Channel	16	static
../Drivers/STM32H5xx_HAL_Driver/Src/stm32h5xx_hal_hcd.c:2371:16:HAL_HCD_Get_FreePhyChannel	24	static
../Drivers/STM32H5xx_HAL_Driver/Src/stm32h5xx_hal_hcd.c:2481:14:HAL_HCD_ClearPhyChannel	24	static
../Drivers/STM32H5xx_HAL_Driver/Src/stm32h5xx_hal_hcd.c:2514:17:HAL_HCD_GetFreePMA	40	static
../Drivers/STM32H5xx_HAL_Driver/Src/stm32h5xx_hal_hcd.c:2621:20:HAL_HCD_PMAlloc	32	static
../Drivers/STM32H5xx_HAL_Driver/Src/stm32h5xx_hal_hcd.c:2725:20:HAL_HCD_PMADeAlloc	24	static
../Drivers/STM32H5xx_HAL_Driver/Src/stm32h5xx_hal_hcd.c:2774:20:HAL_HCD_PMAReset	24	static
../Drivers/STM32H5xx_HAL_Driver/Src/stm32h5xx_hal_hcd.c:2798:27:HAL_HCD_PMAFree	40	static
