../Drivers/STM32H5xx_HAL_Driver/Src/stm32h5xx_hal_mmc_ex.c:84:19:HAL_MMCEx_DMALinkedList_BuildNode	16	static
../Drivers/STM32H5xx_HAL_Driver/Src/stm32h5xx_hal_mmc_ex.c:105:19:HAL_MMCEx_DMALinkedList_InsertNode	24	static
../Drivers/STM32H5xx_HAL_Driver/Src/stm32h5xx_hal_mmc_ex.c:126:19:HAL_MMCEx_DMALinkedList_RemoveNode	16	static
../Drivers/STM32H5xx_HAL_Driver/Src/stm32h5xx_hal_mmc_ex.c:145:19:HAL_MMCEx_DMALinkedList_LockNode	16	static
../Drivers/STM32H5xx_HAL_Driver/Src/stm32h5xx_hal_mmc_ex.c:163:19:HAL_MMCEx_DMALinkedList_UnlockNode	16	static
../Drivers/STM32H5xx_HAL_Driver/Src/stm32h5xx_hal_mmc_ex.c:181:19:HAL_MMCEx_DMALinkedList_EnableCircularMode	16	static
../Drivers/STM32H5xx_HAL_Driver/Src/stm32h5xx_hal_mmc_ex.c:198:19:HAL_MMCEx_DMALinkedList_DisableCircularMode	16	static
../Drivers/STM32H5xx_HAL_Driver/Src/stm32h5xx_hal_mmc_ex.c:221:19:HAL_MMCEx_DMALinkedList_ReadBlocks	64	static
../Drivers/STM32H5xx_HAL_Driver/Src/stm32h5xx_hal_mmc_ex.c:330:19:HAL_MMCEx_DMALinkedList_WriteBlocks	64	static
