../Drivers/STM32H5xx_HAL_Driver/Src/stm32h5xx_hal_mmc.c:344:19:HAL_MMC_Init	16	static
../Drivers/STM32H5xx_HAL_Driver/Src/stm32h5xx_hal_mmc.c:422:19:HAL_MMC_InitCard	64	static
../Drivers/STM32H5xx_HAL_Driver/Src/stm32h5xx_hal_mmc.c:516:19:HAL_MMC_DeInit	16	static
../Drivers/STM32H5xx_HAL_Driver/Src/stm32h5xx_hal_mmc.c:556:13:HAL_MMC_MspInit	16	static
../Drivers/STM32H5xx_HAL_Driver/Src/stm32h5xx_hal_mmc.c:571:13:HAL_MMC_MspDeInit	16	static
../Drivers/STM32H5xx_HAL_Driver/Src/stm32h5xx_hal_mmc.c:612:19:HAL_MMC_ReadBlocks	80	static
../Drivers/STM32H5xx_HAL_Driver/Src/stm32h5xx_hal_mmc.c:809:19:HAL_MMC_WriteBlocks	80	static
../Drivers/STM32H5xx_HAL_Driver/Src/stm32h5xx_hal_mmc.c:1005:19:HAL_MMC_ReadBlocks_IT	56	static
../Drivers/STM32H5xx_HAL_Driver/Src/stm32h5xx_hal_mmc.c:1118:19:HAL_MMC_WriteBlocks_IT	56	static
../Drivers/STM32H5xx_HAL_Driver/Src/stm32h5xx_hal_mmc.c:1232:19:HAL_MMC_ReadBlocks_DMA	56	static
../Drivers/STM32H5xx_HAL_Driver/Src/stm32h5xx_hal_mmc.c:1347:19:HAL_MMC_WriteBlocks_DMA	56	static
../Drivers/STM32H5xx_HAL_Driver/Src/stm32h5xx_hal_mmc.c:1459:19:HAL_MMC_Erase	40	static
../Drivers/STM32H5xx_HAL_Driver/Src/stm32h5xx_hal_mmc.c:1568:6:HAL_MMC_IRQHandler	24	static
../Drivers/STM32H5xx_HAL_Driver/Src/stm32h5xx_hal_mmc.c:1782:22:HAL_MMC_GetState	16	static
../Drivers/STM32H5xx_HAL_Driver/Src/stm32h5xx_hal_mmc.c:1793:10:HAL_MMC_GetError	16	static
../Drivers/STM32H5xx_HAL_Driver/Src/stm32h5xx_hal_mmc.c:1803:13:HAL_MMC_TxCpltCallback	16	static
../Drivers/STM32H5xx_HAL_Driver/Src/stm32h5xx_hal_mmc.c:1818:13:HAL_MMC_RxCpltCallback	16	static
../Drivers/STM32H5xx_HAL_Driver/Src/stm32h5xx_hal_mmc.c:1833:13:HAL_MMC_ErrorCallback	16	static
../Drivers/STM32H5xx_HAL_Driver/Src/stm32h5xx_hal_mmc.c:1848:13:HAL_MMC_AbortCallback	16	static
../Drivers/STM32H5xx_HAL_Driver/Src/stm32h5xx_hal_mmc.c:2072:19:HAL_MMC_GetCardCID	16	static
../Drivers/STM32H5xx_HAL_Driver/Src/stm32h5xx_hal_mmc.c:2105:19:HAL_MMC_GetCardCSD	24	static
../Drivers/STM32H5xx_HAL_Driver/Src/stm32h5xx_hal_mmc.c:2223:19:HAL_MMC_GetCardInfo	16	static
../Drivers/STM32H5xx_HAL_Driver/Src/stm32h5xx_hal_mmc.c:2245:19:HAL_MMC_GetCardExtCSD	64	static
../Drivers/STM32H5xx_HAL_Driver/Src/stm32h5xx_hal_mmc.c:2367:19:HAL_MMC_ConfigWideBusOperation	64	static
../Drivers/STM32H5xx_HAL_Driver/Src/stm32h5xx_hal_mmc.c:2488:19:HAL_MMC_ConfigSpeedBusOperation	32	static
../Drivers/STM32H5xx_HAL_Driver/Src/stm32h5xx_hal_mmc.c:2644:26:HAL_MMC_GetCardState	32	static
../Drivers/STM32H5xx_HAL_Driver/Src/stm32h5xx_hal_mmc.c:2667:19:HAL_MMC_Abort	24	static
../Drivers/STM32H5xx_HAL_Driver/Src/stm32h5xx_hal_mmc.c:2762:19:HAL_MMC_Abort_IT	24	static
../Drivers/STM32H5xx_HAL_Driver/Src/stm32h5xx_hal_mmc.c:2818:19:HAL_MMC_EraseSequence	40	static
../Drivers/STM32H5xx_HAL_Driver/Src/stm32h5xx_hal_mmc.c:2949:19:HAL_MMC_Sanitize	32	static
../Drivers/STM32H5xx_HAL_Driver/Src/stm32h5xx_hal_mmc.c:3060:19:HAL_MMC_ConfigSecRemovalType	48	static,ignoring_inline_asm
../Drivers/STM32H5xx_HAL_Driver/Src/stm32h5xx_hal_mmc.c:3166:19:HAL_MMC_GetSupportedSecRemovalType	16	static
../Drivers/STM32H5xx_HAL_Driver/Src/stm32h5xx_hal_mmc.c:3193:19:HAL_MMC_SleepDevice	40	static
../Drivers/STM32H5xx_HAL_Driver/Src/stm32h5xx_hal_mmc.c:3391:19:HAL_MMC_AwakeDevice	40	static
../Drivers/STM32H5xx_HAL_Driver/Src/stm32h5xx_hal_mmc.c:3543:17:MMC_InitCard	104	static
../Drivers/STM32H5xx_HAL_Driver/Src/stm32h5xx_hal_mmc.c:3650:17:MMC_PowerON	32	static
../Drivers/STM32H5xx_HAL_Driver/Src/stm32h5xx_hal_mmc.c:3703:13:MMC_PowerOFF	16	static
../Drivers/STM32H5xx_HAL_Driver/Src/stm32h5xx_hal_mmc.c:3716:17:MMC_SendStatus	24	static
../Drivers/STM32H5xx_HAL_Driver/Src/stm32h5xx_hal_mmc.c:3746:26:MMC_ReadExtCSD	72	static
../Drivers/STM32H5xx_HAL_Driver/Src/stm32h5xx_hal_mmc.c:3862:13:MMC_Read_IT	32	static
../Drivers/STM32H5xx_HAL_Driver/Src/stm32h5xx_hal_mmc.c:3897:13:MMC_Write_IT	32	static
../Drivers/STM32H5xx_HAL_Driver/Src/stm32h5xx_hal_mmc.c:3932:17:MMC_HighSpeed	72	static
../Drivers/STM32H5xx_HAL_Driver/Src/stm32h5xx_hal_mmc.c:4058:17:MMC_DDR_Mode	32	static
../Drivers/STM32H5xx_HAL_Driver/Src/stm32h5xx_hal_mmc.c:4166:17:MMC_PwrClassUpdate	48	static
../Drivers/STM32H5xx_HAL_Driver/Src/stm32h5xx_hal_mmc.c:4268:13:HAL_MMCEx_Read_DMALnkLstBufCpltCallback	16	static
../Drivers/STM32H5xx_HAL_Driver/Src/stm32h5xx_hal_mmc.c:4282:13:HAL_MMCEx_Write_DMALnkLstBufCpltCallback	16	static
